Component: ARM Compiler 5.05 update 2 (build 169) Tool: armlink [4d0f33]

==============================================================================

Section Cross References

    startup_stm32f107xc.o(RESET) refers to startup_stm32f107xc.o(STACK) for __initial_sp
    startup_stm32f107xc.o(RESET) refers to startup_stm32f107xc.o(.text) for Reset_Handler
    startup_stm32f107xc.o(RESET) refers to stm32f1xx_it.o(i.NMI_Handler) for NMI_Handler
    startup_stm32f107xc.o(RESET) refers to stm32f1xx_it.o(i.HardFault_Handler) for HardFault_Handler
    startup_stm32f107xc.o(RESET) refers to stm32f1xx_it.o(i.MemManage_Handler) for MemManage_Handler
    startup_stm32f107xc.o(RESET) refers to stm32f1xx_it.o(i.BusFault_Handler) for BusFault_Handler
    startup_stm32f107xc.o(RESET) refers to stm32f1xx_it.o(i.UsageFault_Handler) for UsageFault_Handler
    startup_stm32f107xc.o(RESET) refers to stm32f1xx_it.o(i.SVC_Handler) for SVC_Handler
    startup_stm32f107xc.o(RESET) refers to stm32f1xx_it.o(i.DebugMon_Handler) for DebugMon_Handler
    startup_stm32f107xc.o(RESET) refers to stm32f1xx_it.o(i.PendSV_Handler) for PendSV_Handler
    startup_stm32f107xc.o(RESET) refers to stm32f1xx_it.o(i.SysTick_Handler) for SysTick_Handler
    startup_stm32f107xc.o(.text) refers to system_stm32f1xx.o(i.SystemInit) for SystemInit
    startup_stm32f107xc.o(.text) refers to entry.o(.ARM.Collect$$$$00000000) for __main
    main.o(i.HAL_SYSTICK_Callback) refers to main.o(.data) for .data
    main.o(i.LEDS_CGI_Handler) refers to strstr.o(.text) for strstr
    main.o(i.LEDS_CGI_Handler) refers to stm32f1xx_hal_gpio.o(i.HAL_GPIO_WritePin) for HAL_GPIO_WritePin
    main.o(i.LEDS_CGI_Handler) refers to tm_onewire.o(i.eraseSector) for eraseSector
    main.o(i.LEDS_CGI_Handler) refers to stm32f1xx_hal.o(i.HAL_Delay) for HAL_Delay
    main.o(i.LEDS_CGI_Handler) refers to tm_onewire.o(i.writeSector) for writeSector
    main.o(i.LEDS_CGI_Handler) refers to printf5.o(i.__0sprintf$5) for __2sprintf
    main.o(i.LEDS_CGI_Handler) refers to main.o(.data) for .data
    main.o(i.LEDS_CGI_Handler) refers to main.o(.bss) for .bss
    main.o(i.LEDS_CGI_Handler) refers to fs.o(.data) for idx_html
    main.o(i.MX_ADC1_Init) refers to stm32f1xx_hal_adc.o(i.HAL_ADC_Init) for HAL_ADC_Init
    main.o(i.MX_ADC1_Init) refers to stm32f1xx_hal_adc.o(i.HAL_ADC_ConfigChannel) for HAL_ADC_ConfigChannel
    main.o(i.MX_ADC1_Init) refers to main.o(.bss) for .bss
    main.o(i.MX_GPIO_Init) refers to stm32f1xx_hal_gpio.o(i.HAL_GPIO_WritePin) for HAL_GPIO_WritePin
    main.o(i.MX_GPIO_Init) refers to stm32f1xx_hal_gpio.o(i.HAL_GPIO_Init) for HAL_GPIO_Init
    main.o(i.SetCGIHandlers) refers to httpd.o(i.http_set_cgi_handlers) for http_set_cgi_handlers
    main.o(i.SystemClock_Config) refers to stm32f1xx_hal_rcc.o(i.HAL_RCC_OscConfig) for HAL_RCC_OscConfig
    main.o(i.SystemClock_Config) refers to stm32f1xx_hal_rcc.o(i.HAL_RCC_ClockConfig) for HAL_RCC_ClockConfig
    main.o(i.SystemClock_Config) refers to stm32f1xx_hal_rcc.o(i.HAL_RCC_GetHCLKFreq) for HAL_RCC_GetHCLKFreq
    main.o(i.SystemClock_Config) refers to stm32f1xx_hal_cortex.o(i.HAL_SYSTICK_Config) for HAL_SYSTICK_Config
    main.o(i.SystemClock_Config) refers to stm32f1xx_hal_cortex.o(i.HAL_SYSTICK_CLKSourceConfig) for HAL_SYSTICK_CLKSourceConfig
    main.o(i.SystemClock_Config) refers to stm32f1xx_hal_cortex.o(i.HAL_NVIC_SetPriority) for HAL_NVIC_SetPriority
    main.o(i.main) refers to stm32f1xx_hal.o(i.HAL_Init) for HAL_Init
    main.o(i.main) refers to main.o(i.SystemClock_Config) for SystemClock_Config
    main.o(i.main) refers to main.o(i.MX_GPIO_Init) for MX_GPIO_Init
    main.o(i.main) refers to main.o(i.MX_ADC1_Init) for MX_ADC1_Init
    main.o(i.main) refers to stm32f1xx_hal_adc.o(i.HAL_ADC_Init) for HAL_ADC_Init
    main.o(i.main) refers to stm32f1xx_hal_adc.o(i.HAL_ADC_Start) for HAL_ADC_Start
    main.o(i.main) refers to tm_onewire.o(i.readSector) for readSector
    main.o(i.main) refers to strcat.o(.text) for strcat
    main.o(i.main) refers to strtol.o(.text) for strtol
    main.o(i.main) refers to printf5.o(i.__0sprintf$5) for __2sprintf
    main.o(i.main) refers to strncpy.o(.text) for strncpy
    main.o(i.main) refers to tm_onewire.o(i.eraseSector) for eraseSector
    main.o(i.main) refers to stm32f1xx_hal.o(i.HAL_Delay) for HAL_Delay
    main.o(i.main) refers to tm_onewire.o(i.writeSector) for writeSector
    main.o(i.main) refers to lwip.o(i.MX_LWIP_Init) for MX_LWIP_Init
    main.o(i.main) refers to stm32f1xx_hal_iwdg.o(i.HAL_IWDG_Init) for HAL_IWDG_Init
    main.o(i.main) refers to stm32f1xx_hal_adc.o(i.HAL_ADC_GetValue) for HAL_ADC_GetValue
    main.o(i.main) refers to stm32f1xx_hal_gpio.o(i.HAL_GPIO_ReadPin) for HAL_GPIO_ReadPin
    main.o(i.main) refers to stm32f1xx_hal_gpio.o(i.HAL_GPIO_TogglePin) for HAL_GPIO_TogglePin
    main.o(i.main) refers to stm32f1xx_hal_iwdg.o(i.HAL_IWDG_Refresh) for HAL_IWDG_Refresh
[...]
    i.icmp_input                             0x0800267c   Section        0  icmp.o(i.icmp_input)
    i.icmp_send_response                     0x08002770   Section        0  icmp.o(i.icmp_send_response)
    icmp_send_response                       0x08002771   Thumb Code   108  icmp.o(i.icmp_send_response)
    i.icmp_time_exceeded                     0x080027dc   Section        0  icmp.o(i.icmp_time_exceeded)
    i.ip4_addr_isbroadcast_u32               0x080027e4   Section        0  ip4_addr.o(i.ip4_addr_isbroadcast_u32)
    i.ip4_frag                               0x08002814   Section        0  ip4_frag.o(i.ip4_frag)
    i.ip4_input                              0x08002970   Section        0  ip4.o(i.ip4_input)
    i.ip4_output_if                          0x08002b0c   Section        0  ip4.o(i.ip4_output_if)
    i.ip4_output_if_src                      0x08002b2c   Section        0  ip4.o(i.ip4_output_if_src)
    i.ip4_reass                              0x08002bd4   Section        0  ip4_frag.o(i.ip4_reass)
    i.ip4_route                              0x08002d64   Section        0  ip4.o(i.ip4_route)
    i.ip_frag_free_pbuf_custom_ref           0x08002dc0   Section        0  ip4_frag.o(i.ip_frag_free_pbuf_custom_ref)
    ip_frag_free_pbuf_custom_ref             0x08002dc1   Thumb Code     8  ip4_frag.o(i.ip_frag_free_pbuf_custom_ref)
    i.ip_reass_chain_frag_into_datagram_and_validate 0x08002dc8   Section        0  ip4_frag.o(i.ip_reass_chain_frag_into_datagram_and_validate)
    ip_reass_chain_frag_into_datagram_and_validate 0x08002dc9   Thumb Code   230  ip4_frag.o(i.ip_reass_chain_frag_into_datagram_and_validate)
    i.ip_reass_dequeue_datagram              0x08002eb4   Section        0  ip4_frag.o(i.ip_reass_dequeue_datagram)
    ip_reass_dequeue_datagram                0x08002eb5   Thumb Code    30  ip4_frag.o(i.ip_reass_dequeue_datagram)
    i.ip_reass_free_complete_datagram        0x08002ed8   Section        0  ip4_frag.o(i.ip_reass_free_complete_datagram)
    ip_reass_free_complete_datagram          0x08002ed9   Thumb Code   108  ip4_frag.o(i.ip_reass_free_complete_datagram)
    i.ip_reass_remove_oldest_datagram        0x08002f48   Section        0  ip4_frag.o(i.ip_reass_remove_oldest_datagram)
    ip_reass_remove_oldest_datagram          0x08002f49   Thumb Code   122  ip4_frag.o(i.ip_reass_remove_oldest_datagram)
    i.ip_reass_tmr                           0x08002fc8   Section        0  ip4_frag.o(i.ip_reass_tmr)
    i.ipfrag_free_pbuf_custom                0x08002ff4   Section        0  ip4_frag.o(i.ipfrag_free_pbuf_custom)
    ipfrag_free_pbuf_custom                  0x08002ff5   Thumb Code    22  ip4_frag.o(i.ipfrag_free_pbuf_custom)
    i.low_level_init                         0x0800300c   Section        0  ethernetif.o(i.low_level_init)
    low_level_init                           0x0800300d   Thumb Code   230  ethernetif.o(i.low_level_init)
    i.low_level_output                       0x08003104   Section        0  ethernetif.o(i.low_level_output)
    low_level_output                         0x08003105   Thumb Code   162  ethernetif.o(i.low_level_output)
    i.lwip_htonl                             0x080031ac   Section        0  def.o(i.lwip_htonl)
    i.lwip_htons                             0x080031b0   Section        0  def.o(i.lwip_htons)
    i.lwip_init                              0x080031b4   Section        0  init.o(i.lwip_init)
    i.main                                   0x080031d4   Section        0  main.o(i.main)
    i.mem_free                               0x080035c4   Section        0  mem.o(i.mem_free)
    i.mem_init                               0x080035f0   Section        0  mem.o(i.mem_init)
    i.mem_malloc                             0x08003624   Section        0  mem.o(i.mem_malloc)
    i.mem_trim                               0x080036cc   Section        0  mem.o(i.mem_trim)
    i.memp_free                              0x08003798   Section        0  memp.o(i.memp_free)
    i.memp_init                              0x080037b0   Section        0  memp.o(i.memp_init)
    i.memp_init_pool                         0x080037d0   Section        0  memp.o(i.memp_init_pool)
    i.memp_malloc                            0x080037fc   Section        0  memp.o(i.memp_malloc)
    i.netif_add                              0x08003814   Section        0  netif.o(i.netif_add)
    i.netif_init                             0x08003864   Section        0  netif.o(i.netif_init)
    i.netif_issue_reports                    0x08003866   Section        0  netif.o(i.netif_issue_reports)
    netif_issue_reports                      0x08003867   Thumb Code    26  netif.o(i.netif_issue_reports)
    i.netif_set_addr                         0x08003880   Section        0  netif.o(i.netif_set_addr)
    i.netif_set_default                      0x080038c8   Section        0  netif.o(i.netif_set_default)
    i.netif_set_down                         0x080038d4   Section        0  netif.o(i.netif_set_down)
    i.netif_set_gw                           0x080038ee   Section        0  netif.o(i.netif_set_gw)
    i.netif_set_ipaddr                       0x080038f8   Section        0  netif.o(i.netif_set_ipaddr)
    i.netif_set_netmask                      0x08003938   Section        0  netif.o(i.netif_set_netmask)
    i.netif_set_up                           0x08003940   Section        0  netif.o(i.netif_set_up)
    i.pbuf_alloc                             0x0800395c   Section        0  pbuf.o(i.pbuf_alloc)
    i.pbuf_alloced_custom                    0x08003a84   Section        0  pbuf.o(i.pbuf_alloced_custom)
    i.pbuf_cat                               0x08003ad6   Section        0  pbuf.o(i.pbuf_cat)
    i.pbuf_clen                              0x08003afe   Section        0  pbuf.o(i.pbuf_clen)
    i.pbuf_copy                              0x08003b10   Section        0  pbuf.o(i.pbuf_copy)
    i.pbuf_copy_partial                      0x08003baa   Section        0  pbuf.o(i.pbuf_copy_partial)
    i.pbuf_free                              0x08003c12   Section        0  pbuf.o(i.pbuf_free)
    i.pbuf_header                            0x08003c62   Section        0  pbuf.o(i.pbuf_header)
    i.pbuf_header_force                      0x08003c68   Section        0  pbuf.o(i.pbuf_header_force)
    i.pbuf_header_impl                       0x08003c6e   Section        0  pbuf.o(i.pbuf_header_impl)
    pbuf_header_impl                         0x08003c6f   Thumb Code   100  pbuf.o(i.pbuf_header_impl)
    i.pbuf_realloc                           0x08003cd2   Section        0  pbuf.o(i.pbuf_realloc)
    i.pbuf_ref                               0x08003d26   Section        0  pbuf.o(i.pbuf_ref)
    i.plug_holes                             0x08003d34   Section        0  mem.o(i.plug_holes)
    plug_holes                               0x08003d35   Thumb Code    78  mem.o(i.plug_holes)
    i.readSector                             0x08003d88   Section        0  tm_onewire.o(i.readSector)
    i.sys_now                                0x08003d9e   Section        0  ethernetif.o(i.sys_now)
    i.sys_timeout                            0x08003da4   Section        0  timeouts.o(i.sys_timeout)
    i.sys_timeouts_init                      0x08003e34   Section        0  timeouts.o(i.sys_timeouts_init)
    i.tcp_abandon                            0x08003e68   Section        0  tcp.o(i.tcp_abandon)
    i.tcp_abort                              0x08003f3c   Section        0  tcp.o(i.tcp_abort)
    i.tcp_alloc                              0x08003f44   Section        0  tcp.o(i.tcp_alloc)
    i.tcp_close                              0x0800404c   Section        0  tcp.o(i.tcp_close)
    i.tcp_close_shutdown                     0x08004060   Section        0  tcp.o(i.tcp_close_shutdown)
    tcp_close_shutdown                       0x08004061   Thumb Code   342  tcp.o(i.tcp_close_shutdown)
    i.tcp_create_segment                     0x080041c4   Section        0  tcp_out.o(i.tcp_create_segment)
    tcp_create_segment                       0x080041c5   Thumb Code   152  tcp_out.o(i.tcp_create_segment)
    i.tcp_eff_send_mss_impl                  0x0800425c   Section        0  tcp.o(i.tcp_eff_send_mss_impl)
    i.tcp_enqueue_flags                      0x0800427e   Section        0  tcp_out.o(i.tcp_enqueue_flags)
    i.tcp_fasttmr                            0x08004310   Section        0  tcp.o(i.tcp_fasttmr)
    i.tcp_getoptbyte                         0x08004368   Section        0  tcp_in.o(i.tcp_getoptbyte)
    tcp_getoptbyte                           0x08004369   Thumb Code    42  tcp_in.o(i.tcp_getoptbyte)
    i.tcp_init                               0x08004398   Section        0  tcp.o(i.tcp_init)
    i.tcp_input                              0x0800439c   Section        0  tcp_in.o(i.tcp_input)
    i.tcp_keepalive                          0x08004708   Section        0  tcp_out.o(i.tcp_keepalive)
    i.tcp_kill_state                         0x0800475c   Section        0  tcp.o(i.tcp_kill_state)
    tcp_kill_state                           0x0800475d   Thumb Code    56  tcp.o(i.tcp_kill_state)
    i.tcp_listen_input                       0x08004798   Section        0  tcp_in.o(i.tcp_listen_input)
    tcp_listen_input                         0x08004799   Thumb Code   220  tcp_in.o(i.tcp_listen_input)
    i.tcp_netif_ip_addr_changed              0x08004884   Section        0  tcp.o(i.tcp_netif_ip_addr_changed)
    i.tcp_netif_ip_addr_changed_pcblist      0x080048d0   Section        0  tcp.o(i.tcp_netif_ip_addr_changed_pcblist)
    tcp_netif_ip_addr_changed_pcblist        0x080048d1   Thumb Code    34  tcp.o(i.tcp_netif_ip_addr_changed_pcblist)
    i.tcp_next_iss                           0x080048f4   Section        0  tcp.o(i.tcp_next_iss)
    i.tcp_oos_insert_segment                 0x08004904   Section        0  tcp_in.o(i.tcp_oos_insert_segment)
    tcp_oos_insert_segment                   0x08004905   Thumb Code   114  tcp_in.o(i.tcp_oos_insert_segment)
    i.tcp_output                             0x0800497c   Section        0  tcp_out.o(i.tcp_output)
    i.tcp_output_alloc_header                0x08004b44   Section        0  tcp_out.o(i.tcp_output_alloc_header)
    tcp_output_alloc_header                  0x08004b45   Thumb Code   106  tcp_out.o(i.tcp_output_alloc_header)
    i.tcp_output_segment                     0x08004bb0   Section        0  tcp_out.o(i.tcp_output_segment)
    tcp_output_segment                       0x08004bb1   Thumb Code   164  tcp_out.o(i.tcp_output_segment)
    i.tcp_parseopt                           0x08004c58   Section        0  tcp_in.o(i.tcp_parseopt)
    tcp_parseopt                             0x08004c59   Thumb Code   110  tcp_in.o(i.tcp_parseopt)
    i.tcp_pcb_purge                          0x08004ccc   Section        0  tcp.o(i.tcp_pcb_purge)
    i.tcp_pcb_remove                         0x08004d0e   Section        0  tcp.o(i.tcp_pcb_remove)
    i.tcp_process                            0x08004d60   Section        0  tcp_in.o(i.tcp_process)
    tcp_process                              0x08004d61   Thumb Code   854  tcp_in.o(i.tcp_process)
    i.tcp_process_refused_data               0x080050d0   Section        0  tcp.o(i.tcp_process_refused_data)
    i.tcp_receive                            0x0800513c   Section        0  tcp_in.o(i.tcp_receive)
    tcp_receive                              0x0800513d   Thumb Code  1726  tcp_in.o(i.tcp_receive)
    i.tcp_recv_null                          0x08005800   Section        0  tcp.o(i.tcp_recv_null)
    i.tcp_recved                             0x08005824   Section        0  tcp.o(i.tcp_recved)
    i.tcp_rexmit                             0x08005866   Section        0  tcp_out.o(i.tcp_rexmit)
    i.tcp_rexmit_fast                        0x080058b8   Section        0  tcp_out.o(i.tcp_rexmit_fast)
    i.tcp_rexmit_rto                         0x08005914   Section        0  tcp_out.o(i.tcp_rexmit_rto)
    i.tcp_rst                                0x08005942   Section        0  tcp_out.o(i.tcp_rst)
    i.tcp_seg_copy                           0x080059c2   Section        0  tcp.o(i.tcp_seg_copy)
    i.tcp_seg_free                           0x080059ea   Section        0  tcp.o(i.tcp_seg_free)
    i.tcp_segs_free                          0x08005a06   Section        0  tcp.o(i.tcp_segs_free)
    i.tcp_send_empty_ack                     0x08005a18   Section        0  tcp_out.o(i.tcp_send_empty_ack)
    i.tcp_send_fin                           0x08005a8a   Section        0  tcp_out.o(i.tcp_send_fin)
    i.tcp_slowtmr                            0x08005ad0   Section        0  tcp.o(i.tcp_slowtmr)
    i.tcp_timer_needed                       0x08005d50   Section        0  timeouts.o(i.tcp_timer_needed)
    i.tcp_timewait_input                     0x08005d84   Section        0  tcp_in.o(i.tcp_timewait_input)
    tcp_timewait_input                       0x08005d85   Thumb Code    90  tcp_in.o(i.tcp_timewait_input)
    i.tcp_tmr                                0x08005dec   Section        0  tcp.o(i.tcp_tmr)
    i.tcp_trigger_input_pcb_close            0x08005e0c   Section        0  tcp_in.o(i.tcp_trigger_input_pcb_close)
    i.tcp_update_rcv_ann_wnd                 0x08005e1c   Section        0  tcp.o(i.tcp_update_rcv_ann_wnd)
    i.tcp_zero_window_probe                  0x08005e50   Section        0  tcp_out.o(i.tcp_zero_window_probe)
    i.tcpip_tcp_timer                        0x08005f04   Section        0  timeouts.o(i.tcpip_tcp_timer)
    tcpip_tcp_timer                          0x08005f05   Thumb Code    40  timeouts.o(i.tcpip_tcp_timer)
    i.udp_init                               0x08005f3c   Section        0  udp.o(i.udp_init)
    i.udp_input                              0x08005f40   Section        0  udp.o(i.udp_input)
    i.udp_netif_ip_addr_changed              0x08006064   Section        0  udp.o(i.udp_netif_ip_addr_changed)
    i.writeSector                            0x08006098   Section        0  tm_onewire.o(i.writeSector)
    .constdata                               0x080060f8   Section       16  system_stm32f1xx.o(.constdata)
    .constdata                               0x08006108   Section        6  ethernet.o(.constdata)
    .constdata                               0x0800610e   Section        6  ethernet.o(.constdata)
    .constdata                               0x08006114   Section       12  memp.o(.constdata)
    .constdata                               0x08006120   Section       12  memp.o(.constdata)
    .constdata                               0x0800612c   Section       12  memp.o(.constdata)
    .constdata                               0x08006138   Section       12  memp.o(.constdata)
    .constdata                               0x08006144   Section       12  memp.o(.constdata)
    .constdata                               0x08006150   Section       12  memp.o(.constdata)
    .constdata                               0x0800615c   Section       12  memp.o(.constdata)
    .constdata                               0x08006168   Section       12  memp.o(.constdata)
    .constdata                               0x08006174   Section       12  memp.o(.constdata)
    .constdata                               0x08006180   Section       36  memp.o(.constdata)
    .constdata                               0x080061a4   Section       84  tcp.o(.constdata)
    tcp_persist_backoff                      0x080061a4   Data           7  tcp.o(.constdata)
    tcp_state_str                            0x080061ac   Data          44  tcp.o(.constdata)
    tcp_backoff                              0x080061d8   Data          13  tcp.o(.constdata)
    .constdata                               0x080061f8   Section       24  timeouts.o(.constdata)
    .constdata                               0x08006210   Section        4  ip4_addr.o(.constdata)
    .constdata                               0x08006214   Section      129  ctype_o.o(.constdata)
    .constdata                               0x08006298   Section        4  ctype_o.o(.constdata)
    table                                    0x08006298   Data           4  ctype_o.o(.constdata)
    .conststring                             0x0800629c   Section      117  tcp.o(.conststring)
    .data                                    0x20000000   Section       52  main.o(.data)
    .data                                    0x20000034   Section       24  lwip.o(.data)
    .data                                    0x2000004c   Section       12  stm32f1xx_hal.o(.data)
    .data                                    0x20000058   Section        4  system_stm32f1xx.o(.data)
    .data                                    0x2000005c   Section       12  mem.o(.data)
    ram                                      0x2000005c   Data           4  mem.o(.data)
    ram_end                                  0x20000060   Data           4  mem.o(.data)
    lfree                                    0x20000064   Data           4  mem.o(.data)
    .data                                    0x20000068   Section        4  memp.o(.data)
    memp_tab_UDP_PCB                         0x20000068   Data           4  memp.o(.data)
    .data                                    0x2000006c   Section        4  memp.o(.data)
    memp_tab_TCP_PCB                         0x2000006c   Data           4  memp.o(.data)
    .data                                    0x20000070   Section        4  memp.o(.data)
    memp_tab_TCP_PCB_LISTEN                  0x20000070   Data           4  memp.o(.data)
    .data                                    0x20000074   Section        4  memp.o(.data)
    memp_tab_TCP_SEG                         0x20000074   Data           4  memp.o(.data)
    .data                                    0x20000078   Section        4  memp.o(.data)
    memp_tab_REASSDATA                       0x20000078   Data           4  memp.o(.data)
    .data                                    0x2000007c   Section        4  memp.o(.data)
    memp_tab_FRAG_PBUF                       0x2000007c   Data           4  memp.o(.data)
    .data                                    0x20000080   Section        4  memp.o(.data)
    memp_tab_SYS_TIMEOUT                     0x20000080   Data           4  memp.o(.data)
    .data                                    0x20000084   Section        4  memp.o(.data)
    memp_tab_PBUF                            0x20000084   Data           4  memp.o(.data)
    .data                                    0x20000088   Section        4  memp.o(.data)
    memp_tab_PBUF_POOL                       0x20000088   Data           4  memp.o(.data)
    .data                                    0x2000008c   Section       12  netif.o(.data)
    netif_num                                0x2000008c   Data           1  netif.o(.data)
    .data                                    0x20000098   Section        1  pbuf.o(.data)
    .data                                    0x2000009c   Section       32  tcp.o(.data)
    tcp_timer                                0x2000009d   Data           1  tcp.o(.data)
    tcp_timer_ctr                            0x2000009e   Data           1  tcp.o(.data)
    tcp_port                                 0x200000a0   Data           2  tcp.o(.data)
    iss                                      0x200000a4   Data           4  tcp.o(.data)
    .data                                    0x200000bc   Section       36  tcp_in.o(.data)
    flags                                    0x200000bc   Data           1  tcp_in.o(.data)
    recv_flags                               0x200000bd   Data           1  tcp_in.o(.data)
    tcphdr_optlen                            0x200000be   Data           2  tcp_in.o(.data)
    tcphdr_opt1len                           0x200000c0   Data           2  tcp_in.o(.data)
    tcp_optidx                               0x200000c2   Data           2  tcp_in.o(.data)
    recv_acked                               0x200000c4   Data           2  tcp_in.o(.data)
    tcplen                                   0x200000c6   Data           2  tcp_in.o(.data)
    tcphdr                                   0x200000c8   Data           4  tcp_in.o(.data)
    tcphdr_opt2                              0x200000cc   Data           4  tcp_in.o(.data)
    seqno                                    0x200000d0   Data           4  tcp_in.o(.data)
    ackno                                    0x200000d4   Data           4  tcp_in.o(.data)
    recv_data                                0x200000d8   Data           4  tcp_in.o(.data)
    .data                                    0x200000e0   Section       12  timeouts.o(.data)
    next_timeout                             0x200000e0   Data           4  timeouts.o(.data)
    timeouts_last_time                       0x200000e4   Data           4  timeouts.o(.data)
    tcpip_tcp_timer_active                   0x200000e8   Data           4  timeouts.o(.data)
    .data                                    0x200000ec   Section        8  udp.o(.data)
    udp_port                                 0x200000ec   Data           2  udp.o(.data)
    .data                                    0x200000f4   Section        1  etharp.o(.data)
    etharp_cached_entry                      0x200000f4   Data           1  etharp.o(.data)
    .data                                    0x200000f6   Section        2  ip4.o(.data)
    ip_id                                    0x200000f6   Data           2  ip4.o(.data)
    .data                                    0x200000f8   Section        8  ip4_frag.o(.data)
    ip_reass_pbufcount                       0x200000f8   Data           2  ip4_frag.o(.data)
    reassdatagrams                           0x200000fc   Data           4  ip4_frag.o(.data)
    .data                                    0x20000100   Section        4  errno.o(.data)
    _errno                                   0x20000100   Data           4  errno.o(.data)
    .bss                                     0x20000104   Section     2242  main.o(.bss)
    .bss                                     0x200009c8   Section       48  lwip.o(.bss)
    .bss                                     0x200009f8   Section    18552  ethernetif.o(.bss)
    .bss                                     0x20005270   Section       24  ip.o(.bss)
    .bss                                     0x20005288   Section     1619  mem.o(.bss)
    .bss                                     0x200058db   Section      131  memp.o(.bss)
    .bss                                     0x2000595e   Section      763  memp.o(.bss)
    .bss                                     0x20005c59   Section      227  memp.o(.bss)
    .bss                                     0x20005d3c   Section      259  memp.o(.bss)
    .bss                                     0x20005e3f   Section      163  memp.o(.bss)
    .bss                                     0x20005ee2   Section      363  memp.o(.bss)
    .bss                                     0x2000604d   Section       51  memp.o(.bss)
    .bss                                     0x20006080   Section      259  memp.o(.bss)
    .bss                                     0x20006183   Section     9731  memp.o(.bss)
    .bss                                     0x20008788   Section       16  tcp_in.o(.bss)
    inseg                                    0x20008788   Data          16  tcp_in.o(.bss)
    .bss                                     0x20008798   Section      240  etharp.o(.bss)
    arp_table                                0x20008798   Data         240  etharp.o(.bss)
    STACK                                    0x20008888   Section     1024  startup_stm32f107xc.o(STACK)

    Global Symbols

    Symbol Name                              Value     Ov Type        Size  Object(Section)

    BuildAttributes$$THM_ISAv4$P$D$K$B$S$PE$A:L22UL41UL21$X:L11$S22US41US21$IEEE1$IW$USESV6$~STKCKD$USESV7$~SHL$OTIME$ROPI$IEEEX$EBA8$MICROLIB$REQ8$PRES8$EABIv2 0x00000000   Number         0  anon$$obj.o ABSOLUTE
    __ARM_use_no_argv                        0x00000000   Number         0  main.o ABSOLUTE
    _printf_a                                0x00000000   Number         0  stubs.o ABSOLUTE
    _printf_c                                0x00000000   Number         0  stubs.o ABSOLUTE
    _printf_charcount                        0x00000000   Number         0  stubs.o ABSOLUTE
    _printf_d                                0x00000000   Number         0  stubs.o ABSOLUTE
    _printf_e                                0x00000000   Number         0  stubs.o ABSOLUTE
    _printf_f                                0x00000000   Number         0  stubs.o ABSOLUTE
    _printf_flags                            0x00000000   Number         0  stubs.o ABSOLUTE
    _printf_fp_dec                           0x00000000   Number         0  stubs.o ABSOLUTE
    _printf_fp_hex                           0x00000000   Number         0  stubs.o ABSOLUTE
    _printf_g                                0x00000000   Number         0  stubs.o ABSOLUTE
    _printf_i                                0x00000000   Number         0  stubs.o ABSOLUTE
    _printf_int_dec                          0x00000000   Number         0  stubs.o ABSOLUTE
    _printf_l                                0x00000000   Number         0  stubs.o ABSOLUTE
    _printf_lc                               0x00000000   Number         0  stubs.o ABSOLUTE
    _printf_ll                               0x00000000   Number         0  stubs.o ABSOLUTE
    _printf_lld                              0x00000000   Number         0  stubs.o ABSOLUTE
    _printf_lli                              0x00000000   Number         0  stubs.o ABSOLUTE
    _printf_llo                              0x00000000   Number         0  stubs.o ABSOLUTE
    _printf_llu                              0x00000000   Number         0  stubs.o ABSOLUTE
    _printf_llx                              0x00000000   Number         0  stubs.o ABSOLUTE
    _printf_longlong_dec                     0x00000000   Number         0  stubs.o ABSOLUTE
    _printf_longlong_hex                     0x00000000   Number         0  stubs.o ABSOLUTE
    _printf_longlong_oct                     0x00000000   Number         0  stubs.o ABSOLUTE
    _printf_ls                               0x00000000   Number         0  stubs.o ABSOLUTE
    _printf_mbtowc                           0x00000000   Number         0  stubs.o ABSOLUTE
    _printf_n                                0x00000000   Number         0  stubs.o ABSOLUTE
    _printf_o                                0x00000000   Number         0  stubs.o ABSOLUTE
    _printf_p                                0x00000000   Number         0  stubs.o ABSOLUTE
    _printf_percent                          0x00000000   Number         0  stubs.o ABSOLUTE
    _printf_pre_padding                      0x00000000   Number         0  stubs.o ABSOLUTE
    _printf_return_value                     0x00000000   Number         0  stubs.o ABSOLUTE
    _printf_s                                0x00000000   Number         0  stubs.o ABSOLUTE
    _printf_sizespec                         0x00000000   Number         0  stubs.o ABSOLUTE
    _printf_str                              0x00000000   Number         0  stubs.o ABSOLUTE
    _printf_truncate_signed                  0x00000000   Number         0  stubs.o ABSOLUTE
    _printf_truncate_unsigned                0x00000000   Number         0  stubs.o ABSOLUTE
    _printf_u                                0x00000000   Number         0  stubs.o ABSOLUTE
    _printf_wc                               0x00000000   Number         0  stubs.o ABSOLUTE
    _printf_wctomb                           0x00000000   Number         0  stubs.o ABSOLUTE
    _printf_widthprec                        0x00000000   Number         0  stubs.o ABSOLUTE
    _printf_x                                0x00000000   Number         0  stubs.o ABSOLUTE
    __cpp_initialize__aeabi_                  - Undefined Weak Reference
    __cxa_finalize                            - Undefined Weak Reference
    __decompress                              - Undefined Weak Reference
    _clock_init                               - Undefined Weak Reference
    _microlib_exit                            - Undefined Weak Reference
    __Vectors_Size                           0x00000150   Number         0  startup_stm32f107xc.o ABSOLUTE
    __Vectors                                0x08000000   Data           4  startup_stm32f107xc.o(RESET)
    __Vectors_End                            0x08000150   Data           0  startup_stm32f107xc.o(RESET)
    __main                                   0x08000151   Thumb Code     0  entry.o(.ARM.Collect$$$$00000000)
    _main_stk                                0x08000151   Thumb Code     0  entry2.o(.ARM.Collect$$$$00000001)
    _main_scatterload                        0x08000155   Thumb Code     0  entry5.o(.ARM.Collect$$$$00000004)
    __main_after_scatterload                 0x08000159   Thumb Code     0  entry5.o(.ARM.Collect$$$$00000004)
    _main_clock                              0x08000159   Thumb Code     0  entry7b.o(.ARM.Collect$$$$00000008)
    _main_cpp_init                           0x08000159   Thumb Code     0  entry8b.o(.ARM.Collect$$$$0000000A)
    _main_init                               0x08000159   Thumb Code     0  entry9a.o(.ARM.Collect$$$$0000000B)
    __rt_final_cpp                           0x08000161   Thumb Code     0  entry10a.o(.ARM.Collect$$$$0000000D)
    __rt_final_exit                          0x08000161   Thumb Code     0  entry11a.o(.ARM.Collect$$$$0000000F)
    Reset_Handler                            0x08000165   Thumb Code     8  startup_stm32f107xc.o(.text)
    ADC1_2_IRQHandler                        0x0800017f   Thumb Code     0  startup_stm32f107xc.o(.text)
    CAN1_RX0_IRQHandler                      0x0800017f   Thumb Code     0  startup_stm32f107xc.o(.text)
    CAN1_RX1_IRQHandler                      0x0800017f   Thumb Code     0  startup_stm32f107xc.o(.text)
    CAN1_SCE_IRQHandler                      0x0800017f   Thumb Code     0  startup_stm32f107xc.o(.text)
    CAN1_TX_IRQHandler                       0x0800017f   Thumb Code     0  startup_stm32f107xc.o(.text)
    CAN2_RX0_IRQHandler                      0x0800017f   Thumb Code     0  startup_stm32f107xc.o(.text)
    CAN2_RX1_IRQHandler                      0x0800017f   Thumb Code     0  startup_stm32f107xc.o(.text)
    CAN2_SCE_IRQHandler                      0x0800017f   Thumb Code     0  startup_stm32f107xc.o(.text)
    CAN2_TX_IRQHandler                       0x0800017f   Thumb Code     0  startup_stm32f107xc.o(.text)
    DMA1_Channel1_IRQHandler                 0x0800017f   Thumb Code     0  startup_stm32f107xc.o(.text)
    DMA1_Channel2_IRQHandler                 0x0800017f   Thumb Code     0  startup_stm32f107xc.o(.text)
    DMA1_Channel3_IRQHandler                 0x0800017f   Thumb Code     0  startup_stm32f107xc.o(.text)
    DMA1_Channel4_IRQHandler                 0x0800017f   Thumb Code     0  startup_stm32f107xc.o(.text)
    DMA1_Channel5_IRQHandler                 0x0800017f   Thumb Code     0  startup_stm32f107xc.o(.text)
    DMA1_Channel6_IRQHandler                 0x0800017f   Thumb Code     0  startup_stm32f107xc.o(.text)
    DMA1_Channel7_IRQHandler                 0x0800017f   Thumb Code     0  startup_stm32f107xc.o(.text)
    DMA2_Channel1_IRQHandler                 0x0800017f   Thumb Code     0  startup_stm32f107xc.o(.text)
    DMA2_Channel2_IRQHandler                 0x0800017f   Thumb Code     0  startup_stm32f107xc.o(.text)
    DMA2_Channel3_IRQHandler                 0x0800017f   Thumb Code     0  startup_stm32f107xc.o(.text)
    DMA2_Channel4_IRQHandler                 0x0800017f   Thumb Code     0  startup_stm32f107xc.o(.text)
    DMA2_Channel5_IRQHandler                 0x0800017f   Thumb Code     0  startup_stm32f107xc.o(.text)
    ETH_IRQHandler                           0x0800017f   Thumb Code     0  startup_stm32f107xc.o(.text)
    ETH_WKUP_IRQHandler                      0x0800017f   Thumb Code     0  startup_stm32f107xc.o(.text)
    EXTI0_IRQHandler                         0x0800017f   Thumb Code     0  startup_stm32f107xc.o(.text)
    EXTI15_10_IRQHandler                     0x0800017f   Thumb Code     0  startup_stm32f107xc.o(.text)
    EXTI1_IRQHandler                         0x0800017f   Thumb Code     0  startup_stm32f107xc.o(.text)
    EXTI2_IRQHandler                         0x0800017f   Thumb Code     0  startup_stm32f107xc.o(.text)
    EXTI3_IRQHandler                         0x0800017f   Thumb Code     0  startup_stm32f107xc.o(.text)
    EXTI4_IRQHandler                         0x0800017f   Thumb Code     0  startup_stm32f107xc.o(.text)
    EXTI9_5_IRQHandler                       0x0800017f   Thumb Code     0  startup_stm32f107xc.o(.text)
    FLASH_IRQHandler                         0x0800017f   Thumb Code     0  startup_stm32f107xc.o(.text)
    I2C1_ER_IRQHandler                       0x0800017f   Thumb Code     0  startup_stm32f107xc.o(.text)
    I2C1_EV_IRQHandler                       0x0800017f   Thumb Code     0  startup_stm32f107xc.o(.text)
    I2C2_ER_IRQHandler                       0x0800017f   Thumb Code     0  startup_stm32f107xc.o(.text)
    I2C2_EV_IRQHandler                       0x0800017f   Thumb Code     0  startup_stm32f107xc.o(.text)
    OTG_FS_IRQHandler                        0x0800017f   Thumb Code     0  startup_stm32f107xc.o(.text)
    OTG_FS_WKUP_IRQHandler                   0x0800017f   Thumb Code     0  startup_stm32f107xc.o(.text)
    PVD_IRQHandler                           0x0800017f   Thumb Code     0  startup_stm32f107xc.o(.text)
    RCC_IRQHandler                           0x0800017f   Thumb Code     0  startup_stm32f107xc.o(.text)
    RTC_Alarm_IRQHandler                     0x0800017f   Thumb Code     0  startup_stm32f107xc.o(.text)
    RTC_IRQHandler                           0x0800017f   Thumb Code     0  startup_stm32f107xc.o(.text)
    SPI1_IRQHandler                          0x0800017f   Thumb Code     0  startup_stm32f107xc.o(.text)
    SPI2_IRQHandler                          0x0800017f   Thumb Code     0  startup_stm32f107xc.o(.text)
    SPI3_IRQHandler                          0x0800017f   Thumb Code     0  startup_stm32f107xc.o(.text)
    TAMPER_IRQHandler                        0x0800017f   Thumb Code     0  startup_stm32f107xc.o(.text)
    TIM1_BRK_IRQHandler                      0x0800017f   Thumb Code     0  startup_stm32f107xc.o(.text)
    TIM1_CC_IRQHandler                       0x0800017f   Thumb Code     0  startup_stm32f107xc.o(.text)
    TIM1_TRG_COM_IRQHandler                  0x0800017f   Thumb Code     0  startup_stm32f107xc.o(.text)
    TIM1_UP_IRQHandler                       0x0800017f   Thumb Code     0  startup_stm32f107xc.o(.text)
    TIM2_IRQHandler                          0x0800017f   Thumb Code     0  startup_stm32f107xc.o(.text)
    TIM3_IRQHandler                          0x0800017f   Thumb Code     0  startup_stm32f107xc.o(.text)
    TIM4_IRQHandler                          0x0800017f   Thumb Code     0  startup_stm32f107xc.o(.text)
    TIM5_IRQHandler                          0x0800017f   Thumb Code     0  startup_stm32f107xc.o(.text)
    TIM6_IRQHandler                          0x0800017f   Thumb Code     0  startup_stm32f107xc.o(.text)
    TIM7_IRQHandler                          0x0800017f   Thumb Code     0  startup_stm32f107xc.o(.text)
    UART4_IRQHandler                         0x0800017f   Thumb Code     0  startup_stm32f107xc.o(.text)
    UART5_IRQHandler                         0x0800017f   Thumb Code     0  startup_stm32f107xc.o(.text)
    USART1_IRQHandler                        0x0800017f   Thumb Code     0  startup_stm32f107xc.o(.text)
    USART2_IRQHandler                        0x0800017f   Thumb Code     0  startup_stm32f107xc.o(.text)
    USART3_IRQHandler                        0x0800017f   Thumb Code     0  startup_stm32f107xc.o(.text)
    WWDG_IRQHandler                          0x0800017f   Thumb Code     0  startup_stm32f107xc.o(.text)
    __aeabi_uldivmod                         0x08000189   Thumb Code    98  uldiv.o(.text)
    __aeabi_llsr                             0x080001eb   Thumb Code    32  llushr.o(.text)
    _ll_ushift_r                             0x080001eb   Thumb Code     0  llushr.o(.text)
    __aeabi_memcpy                           0x0800020b   Thumb Code    36  memcpya.o(.text)
    __aeabi_memcpy4                          0x0800020b   Thumb Code     0  memcpya.o(.text)
    __aeabi_memcpy8                          0x0800020b   Thumb Code     0  memcpya.o(.text)
    __aeabi_memset                           0x0800022f   Thumb Code    14  memseta.o(.text)
    __aeabi_memset4                          0x0800022f   Thumb Code     0  memseta.o(.text)
    __aeabi_memset8                          0x0800022f   Thumb Code     0  memseta.o(.text)
    __aeabi_memclr                           0x0800023d   Thumb Code     4  memseta.o(.text)
    __aeabi_memclr4                          0x0800023d   Thumb Code     0  memseta.o(.text)
    __aeabi_memclr8                          0x0800023d   Thumb Code     0  memseta.o(.text)
    _memset$wrapper                          0x08000241   Thumb Code    18  memseta.o(.text)
    strcat                                   0x08000253   Thumb Code    24  strcat.o(.text)
    strncpy                                  0x0800026b   Thumb Code    24  strncpy.o(.text)
    memcmp                                   0x08000283   Thumb Code    26  memcmp.o(.text)
    strtol                                   0x0800029d   Thumb Code   112  strtol.o(.text)
    __aeabi_llsl                             0x0800030d   Thumb Code    30  llshl.o(.text)
    _ll_shift_l                              0x0800030d   Thumb Code     0  llshl.o(.text)
    __rt_ctype_table                         0x0800032d   Thumb Code     4  ctype_o.o(.text)
    _strtoul                                 0x08000335   Thumb Code   158  _strtoul.o(.text)
    __scatterload                            0x080003d5   Thumb Code    28  init.o(.text)
    __scatterload_rt2                        0x080003d5   Thumb Code     0  init.o(.text)
    _chval                                   0x080003f9   Thumb Code    28  _chval.o(.text)
    ADC_ConversionStop_Disable               0x08000415   Thumb Code    76  stm32f1xx_hal_adc.o(i.ADC_ConversionStop_Disable)
    ADC_Enable                               0x08000461   Thumb Code   104  stm32f1xx_hal_adc.o(i.ADC_Enable)
    BusFault_Handler                         0x080004d1   Thumb Code     2  stm32f1xx_it.o(i.BusFault_Handler)
    DebugMon_Handler                         0x080004d3   Thumb Code     2  stm32f1xx_it.o(i.DebugMon_Handler)
    HAL_ADC_ConfigChannel                    0x08000649   Thumb Code   240  stm32f1xx_hal_adc.o(i.HAL_ADC_ConfigChannel)
    HAL_ADC_GetValue                         0x08000745   Thumb Code     6  stm32f1xx_hal_adc.o(i.HAL_ADC_GetValue)
    HAL_ADC_Init                             0x0800074d   Thumb Code   272  stm32f1xx_hal_adc.o(i.HAL_ADC_Init)
    HAL_ADC_MspInit                          0x08000869   Thumb Code    50  stm32f1xx_hal_msp.o(i.HAL_ADC_MspInit)
    HAL_ADC_Start                            0x080008a9   Thumb Code   184  stm32f1xx_hal_adc.o(i.HAL_ADC_Start)
    HAL_Delay                                0x08000969   Thumb Code    32  stm32f1xx_hal.o(i.HAL_Delay)
    HAL_ETH_DMARxDescListInit                0x0800098d   Thumb Code   116  stm32f1xx_hal_eth.o(i.HAL_ETH_DMARxDescListInit)
    HAL_ETH_DMATxDescListInit                0x08000a01   Thumb Code   120  stm32f1xx_hal_eth.o(i.HAL_ETH_DMATxDescListInit)
    HAL_ETH_Init                             0x08000a79   Thumb Code   398  stm32f1xx_hal_eth.o(i.HAL_ETH_Init)
    HAL_ETH_MspInit                          0x08000c1d   Thumb Code   172  ethernetif.o(i.HAL_ETH_MspInit)
    HAL_ETH_ReadPHYRegister                  0x08000cdd   Thumb Code   132  stm32f1xx_hal_eth.o(i.HAL_ETH_ReadPHYRegister)
    HAL_ETH_Start                            0x08000d61   Thumb Code   132  stm32f1xx_hal_eth.o(i.HAL_ETH_Start)
    HAL_ETH_TransmitFrame                    0x08000de5   Thumb Code   264  stm32f1xx_hal_eth.o(i.HAL_ETH_TransmitFrame)
    HAL_ETH_WritePHYRegister                 0x08000eed   Thumb Code   120  stm32f1xx_hal_eth.o(i.HAL_ETH_WritePHYRegister)
    HAL_GPIO_Init                            0x08000f65   Thumb Code   408  stm32f1xx_hal_gpio.o(i.HAL_GPIO_Init)
    HAL_GPIO_ReadPin                         0x08001121   Thumb Code    10  stm32f1xx_hal_gpio.o(i.HAL_GPIO_ReadPin)
    HAL_GPIO_TogglePin                       0x0800112b   Thumb Code     8  stm32f1xx_hal_gpio.o(i.HAL_GPIO_TogglePin)
    HAL_GPIO_WritePin                        0x08001133   Thumb Code    10  stm32f1xx_hal_gpio.o(i.HAL_GPIO_WritePin)
    HAL_GetTick                              0x0800113d   Thumb Code     6  stm32f1xx_hal.o(i.HAL_GetTick)
    HAL_IWDG_Init                            0x08001149   Thumb Code    82  stm32f1xx_hal_iwdg.o(i.HAL_IWDG_Init)
    HAL_IWDG_Refresh                         0x0800119b   Thumb Code    12  stm32f1xx_hal_iwdg.o(i.HAL_IWDG_Refresh)
    HAL_IncTick                              0x080011a9   Thumb Code    12  stm32f1xx_hal.o(i.HAL_IncTick)
    HAL_Init                                 0x080011b9   Thumb Code    32  stm32f1xx_hal.o(i.HAL_Init)
    HAL_InitTick                             0x080011dd   Thumb Code    54  stm32f1xx_hal.o(i.HAL_InitTick)
    HAL_MspInit                              0x0800121d   Thumb Code   134  stm32f1xx_hal_msp.o(i.HAL_MspInit)
    HAL_NVIC_SetPriority                     0x080012ad   Thumb Code    60  stm32f1xx_hal_cortex.o(i.HAL_NVIC_SetPriority)
    HAL_NVIC_SetPriorityGrouping             0x080012ed   Thumb Code    26  stm32f1xx_hal_cortex.o(i.HAL_NVIC_SetPriorityGrouping)
    HAL_RCC_ClockConfig                      0x08001311   Thumb Code   322  stm32f1xx_hal_rcc.o(i.HAL_RCC_ClockConfig)
    HAL_RCC_GetHCLKFreq                      0x08001465   Thumb Code     6  stm32f1xx_hal_rcc.o(i.HAL_RCC_GetHCLKFreq)
    HAL_RCC_GetSysClockFreq                  0x08001471   Thumb Code   142  stm32f1xx_hal_rcc.o(i.HAL_RCC_GetSysClockFreq)
    HAL_RCC_OscConfig                        0x0800152d   Thumb Code   946  stm32f1xx_hal_rcc.o(i.HAL_RCC_OscConfig)
    HAL_SYSTICK_CLKSourceConfig              0x080018f5   Thumb Code    24  stm32f1xx_hal_cortex.o(i.HAL_SYSTICK_CLKSourceConfig)
    HAL_SYSTICK_Callback                     0x0800190d   Thumb Code    58  main.o(i.HAL_SYSTICK_Callback)
    HAL_SYSTICK_Config                       0x0800194d   Thumb Code    40  stm32f1xx_hal_cortex.o(i.HAL_SYSTICK_Config)
    HAL_SYSTICK_IRQHandler                   0x08001975   Thumb Code     8  stm32f1xx_hal_cortex.o(i.HAL_SYSTICK_IRQHandler)
    HardFault_Handler                        0x0800197d   Thumb Code     2  stm32f1xx_it.o(i.HardFault_Handler)
    MX_LWIP_Init                             0x08001a9d   Thumb Code   130  lwip.o(i.MX_LWIP_Init)
    MemManage_Handler                        0x08001b31   Thumb Code     2  stm32f1xx_it.o(i.MemManage_Handler)
    NMI_Handler                              0x08001b33   Thumb Code     2  stm32f1xx_it.o(i.NMI_Handler)
    PendSV_Handler                           0x08001b55   Thumb Code     2  stm32f1xx_it.o(i.PendSV_Handler)
    SVC_Handler                              0x08001b57   Thumb Code     2  stm32f1xx_it.o(i.SVC_Handler)
    SysTick_Handler                          0x08001b59   Thumb Code    14  stm32f1xx_it.o(i.SysTick_Handler)
    SystemClock_Config                       0x08001b69   Thumb Code   112  main.o(i.SystemClock_Config)
    SystemInit                               0x08001bdd   Thumb Code    68  system_stm32f1xx.o(i.SystemInit)
    UsageFault_Handler                       0x08001c31   Thumb Code     2  stm32f1xx_it.o(i.UsageFault_Handler)
    __0sprintf$5                             0x08001c35   Thumb Code    34  printf5.o(i.__0sprintf$5)
    __1sprintf$5                             0x08001c35   Thumb Code     0  printf5.o(i.__0sprintf$5)
    __2sprintf                               0x08001c35   Thumb Code     0  printf5.o(i.__0sprintf$5)
    __aeabi_errno_addr                       0x08001c5d   Thumb Code     4  errno.o(i.__aeabi_errno_addr)
    __rt_errno_addr                          0x08001c5d   Thumb Code     0  errno.o(i.__aeabi_errno_addr)
    __scatterload_copy                       0x08001c65   Thumb Code    14  handlers.o(i.__scatterload_copy)
    __scatterload_null                       0x08001c73   Thumb Code     2  handlers.o(i.__scatterload_null)
    __scatterload_zeroinit                   0x08001c75   Thumb Code    14  handlers.o(i.__scatterload_zeroinit)
    eraseSector                              0x08001f89   Thumb Code    44  tm_onewire.o(i.eraseSector)
    etharp_cleanup_netif                     0x08001fc1   Thumb Code    42  etharp.o(i.etharp_cleanup_netif)
    etharp_input                             0x080020f1   Thumb Code   160  etharp.o(i.etharp_input)
    etharp_output                            0x08002191   Thumb Code   224  etharp.o(i.etharp_output)
    etharp_query                             0x080022dd   Thumb Code   232  etharp.o(i.etharp_query)
    etharp_request                           0x08002455   Thumb Code     6  etharp.o(i.etharp_request)
    etharp_tmr                               0x08002481   Thumb Code    92  etharp.o(i.etharp_tmr)
    ethernet_input                           0x08002561   Thumb Code   154  ethernet.o(i.ethernet_input)
    ethernet_output                          0x08002601   Thumb Code    74  ethernet.o(i.ethernet_output)
    ethernetif_init                          0x0800264d   Thumb Code    30  ethernetif.o(i.ethernetif_init)
    icmp_dest_unreach                        0x08002675   Thumb Code     8  icmp.o(i.icmp_dest_unreach)
    icmp_input                               0x0800267d   Thumb Code   240  icmp.o(i.icmp_input)
    icmp_time_exceeded                       0x080027dd   Thumb Code     8  icmp.o(i.icmp_time_exceeded)
    ip4_addr_isbroadcast_u32                 0x080027e5   Thumb Code    46  ip4_addr.o(i.ip4_addr_isbroadcast_u32)
    ip4_frag                                 0x08002815   Thumb Code   342  ip4_frag.o(i.ip4_frag)
    ip4_input                                0x08002971   Thumb Code   404  ip4.o(i.ip4_input)
    ip4_output_if                            0x08002b0d   Thumb Code    30  ip4.o(i.ip4_output_if)
    ip4_output_if_src                        0x08002b2d   Thumb Code   160  ip4.o(i.ip4_output_if_src)
    ip4_reass                                0x08002bd5   Thumb Code   396  ip4_frag.o(i.ip4_reass)
    ip4_route                                0x08002d65   Thumb Code    82  ip4.o(i.ip4_route)
    ip_reass_tmr                             0x08002fc9   Thumb Code    40  ip4_frag.o(i.ip_reass_tmr)
    lwip_htonl                               0x080031ad   Thumb Code     4  def.o(i.lwip_htonl)
    lwip_htons                               0x080031b1   Thumb Code     4  def.o(i.lwip_htons)
    lwip_init                                0x080031b5   Thumb Code    30  init.o(i.lwip_init)
    main                                     0x080031d5   Thumb Code   884  main.o(i.main)
    mem_free                                 0x080035c5   Thumb Code    40  mem.o(i.mem_free)
    mem_init                                 0x080035f1   Thumb Code    42  mem.o(i.mem_init)
    mem_malloc                               0x08003625   Thumb Code   162  mem.o(i.mem_malloc)
    mem_trim                                 0x080036cd   Thumb Code   200  mem.o(i.mem_trim)
    memp_free                                0x08003799   Thumb Code    20  memp.o(i.memp_free)
    memp_init                                0x080037b1   Thumb Code    26  memp.o(i.memp_init)
    memp_init_pool                           0x080037d1   Thumb Code    42  memp.o(i.memp_init_pool)
    memp_malloc                              0x080037fd   Thumb Code    18  memp.o(i.memp_malloc)
    netif_add                                0x08003815   Thumb Code    74  netif.o(i.netif_add)
    netif_init                               0x08003865   Thumb Code     2  netif.o(i.netif_init)
    netif_set_addr                           0x08003881   Thumb Code    72  netif.o(i.netif_set_addr)
    netif_set_default                        0x080038c9   Thumb Code     6  netif.o(i.netif_set_default)
    netif_set_down                           0x080038d5   Thumb Code    26  netif.o(i.netif_set_down)
    netif_set_gw                             0x080038ef   Thumb Code     8  netif.o(i.netif_set_gw)
    netif_set_ipaddr                         0x080038f9   Thumb Code    60  netif.o(i.netif_set_ipaddr)
    netif_set_netmask                        0x08003939   Thumb Code     8  netif.o(i.netif_set_netmask)
    netif_set_up                             0x08003941   Thumb Code    28  netif.o(i.netif_set_up)
    pbuf_alloc                               0x0800395d   Thumb Code   290  pbuf.o(i.pbuf_alloc)
    pbuf_alloced_custom                      0x08003a85   Thumb Code    82  pbuf.o(i.pbuf_alloced_custom)
    pbuf_cat                                 0x08003ad7   Thumb Code    40  pbuf.o(i.pbuf_cat)
    pbuf_clen                                0x08003aff   Thumb Code    18  pbuf.o(i.pbuf_clen)
    pbuf_copy                                0x08003b11   Thumb Code   154  pbuf.o(i.pbuf_copy)
    pbuf_copy_partial                        0x08003bab   Thumb Code   104  pbuf.o(i.pbuf_copy_partial)
    pbuf_free                                0x08003c13   Thumb Code    80  pbuf.o(i.pbuf_free)
    pbuf_header                              0x08003c63   Thumb Code     6  pbuf.o(i.pbuf_header)
    pbuf_header_force                        0x08003c69   Thumb Code     6  pbuf.o(i.pbuf_header_force)
    pbuf_realloc                             0x08003cd3   Thumb Code    84  pbuf.o(i.pbuf_realloc)
    pbuf_ref                                 0x08003d27   Thumb Code    12  pbuf.o(i.pbuf_ref)
    readSector                               0x08003d89   Thumb Code    22  tm_onewire.o(i.readSector)
    sys_now                                  0x08003d9f   Thumb Code     4  ethernetif.o(i.sys_now)
    sys_timeout                              0x08003da5   Thumb Code   140  timeouts.o(i.sys_timeout)
    sys_timeouts_init                        0x08003e35   Thumb Code    38  timeouts.o(i.sys_timeouts_init)
    tcp_abandon                              0x08003e69   Thumb Code   208  tcp.o(i.tcp_abandon)
    tcp_abort                                0x08003f3d   Thumb Code     6  tcp.o(i.tcp_abort)
    tcp_alloc                                0x08003f45   Thumb Code   250  tcp.o(i.tcp_alloc)
    tcp_close                                0x0800404d   Thumb Code    20  tcp.o(i.tcp_close)
    tcp_eff_send_mss_impl                    0x0800425d   Thumb Code    34  tcp.o(i.tcp_eff_send_mss_impl)
    tcp_enqueue_flags                        0x0800427f   Thumb Code   144  tcp_out.o(i.tcp_enqueue_flags)
    tcp_fasttmr                              0x08004311   Thumb Code    84  tcp.o(i.tcp_fasttmr)
    tcp_init                                 0x08004399   Thumb Code     2  tcp.o(i.tcp_init)
    tcp_input                                0x0800439d   Thumb Code   850  tcp_in.o(i.tcp_input)
    tcp_keepalive                            0x08004709   Thumb Code    82  tcp_out.o(i.tcp_keepalive)
    tcp_netif_ip_addr_changed                0x08004885   Thumb Code    72  tcp.o(i.tcp_netif_ip_addr_changed)
    tcp_next_iss                             0x080048f5   Thumb Code    12  tcp.o(i.tcp_next_iss)
    tcp_output                               0x0800497d   Thumb Code   452  tcp_out.o(i.tcp_output)
    tcp_pcb_purge                            0x08004ccd   Thumb Code    66  tcp.o(i.tcp_pcb_purge)
    tcp_pcb_remove                           0x08004d0f   Thumb Code    80  tcp.o(i.tcp_pcb_remove)
    tcp_process_refused_data                 0x080050d1   Thumb Code   108  tcp.o(i.tcp_process_refused_data)
    tcp_recv_null                            0x08005801   Thumb Code    36  tcp.o(i.tcp_recv_null)
    tcp_recved                               0x08005825   Thumb Code    66  tcp.o(i.tcp_recved)
    tcp_rexmit                               0x08005867   Thumb Code    82  tcp_out.o(i.tcp_rexmit)
    tcp_rexmit_fast                          0x080058b9   Thumb Code    92  tcp_out.o(i.tcp_rexmit_fast)
    tcp_rexmit_rto                           0x08005915   Thumb Code    46  tcp_out.o(i.tcp_rexmit_rto)
    tcp_rst                                  0x08005943   Thumb Code   128  tcp_out.o(i.tcp_rst)
    tcp_seg_copy                             0x080059c3   Thumb Code    40  tcp.o(i.tcp_seg_copy)
    tcp_seg_free                             0x080059eb   Thumb Code    28  tcp.o(i.tcp_seg_free)
    tcp_segs_free                            0x08005a07   Thumb Code    18  tcp.o(i.tcp_segs_free)
    tcp_send_empty_ack                       0x08005a19   Thumb Code   114  tcp_out.o(i.tcp_send_empty_ack)
    tcp_send_fin                             0x08005a8b   Thumb Code    68  tcp_out.o(i.tcp_send_fin)
    tcp_slowtmr                              0x08005ad1   Thumb Code   622  tcp.o(i.tcp_slowtmr)
    tcp_timer_needed                         0x08005d51   Thumb Code    36  timeouts.o(i.tcp_timer_needed)
    tcp_tmr                                  0x08005ded   Thumb Code    28  tcp.o(i.tcp_tmr)
    tcp_trigger_input_pcb_close              0x08005e0d   Thumb Code    12  tcp_in.o(i.tcp_trigger_input_pcb_close)
    tcp_update_rcv_ann_wnd                   0x08005e1d   Thumb Code    52  tcp.o(i.tcp_update_rcv_ann_wnd)
    tcp_zero_window_probe                    0x08005e51   Thumb Code   180  tcp_out.o(i.tcp_zero_window_probe)
    udp_init                                 0x08005f3d   Thumb Code     2  udp.o(i.udp_init)
    udp_input                                0x08005f41   Thumb Code   284  udp.o(i.udp_input)
    udp_netif_ip_addr_changed                0x08006065   Thumb Code    48  udp.o(i.udp_netif_ip_addr_changed)
    writeSector                              0x08006099   Thumb Code    82  tm_onewire.o(i.writeSector)
    AHBPrescTable                            0x080060f8   Data          16  system_stm32f1xx.o(.constdata)
    ethbroadcast                             0x08006108   Data           6  ethernet.o(.constdata)
    ethzero                                  0x0800610e   Data           6  ethernet.o(.constdata)
    memp_UDP_PCB                             0x08006114   Data          12  memp.o(.constdata)
    memp_TCP_PCB                             0x08006120   Data          12  memp.o(.constdata)
    memp_TCP_PCB_LISTEN                      0x0800612c   Data          12  memp.o(.constdata)
    memp_TCP_SEG                             0x08006138   Data          12  memp.o(.constdata)
    memp_REASSDATA                           0x08006144   Data          12  memp.o(.constdata)
    memp_FRAG_PBUF                           0x08006150   Data          12  memp.o(.constdata)
    memp_SYS_TIMEOUT                         0x0800615c   Data          12  memp.o(.constdata)
    memp_PBUF                                0x08006168   Data          12  memp.o(.constdata)
    memp_PBUF_POOL                           0x08006174   Data          12  memp.o(.constdata)
    memp_pools                               0x08006180   Data          36  memp.o(.constdata)
    tcp_pcb_lists                            0x080061e8   Data          16  tcp.o(.constdata)
    lwip_cyclic_timers                       0x080061f8   Data          24  timeouts.o(.constdata)
    ip_addr_any                              0x08006210   Data           4  ip4_addr.o(.constdata)
    __ctype_table                            0x08006214   Data         129  ctype_o.o(.constdata)
    Region$$Table$$Base                      0x08006314   Number         0  anon$$obj.o(Region$$Table)
    Region$$Table$$Limit                     0x08006334   Number         0  anon$$obj.o(Region$$Table)
    SwitchStates                             0x20000000   Data           1  main.o(.data)
    flag_systick01                           0x20000001   Data           1  main.o(.data)
    flag_systick02                           0x20000002   Data           1  main.o(.data)
    flag_systick03                           0x20000003   Data           1  main.o(.data)
    PB6_State                                0x20000004   Data           1  main.o(.data)
    ip_addr1                                 0x20000005   Data           1  main.o(.data)
    ip_addr2                                 0x20000006   Data           1  main.o(.data)
    ip_addr3                                 0x20000007   Data           1  main.o(.data)
    ip_addr4                                 0x20000008   Data           1  main.o(.data)
    volt                                     0x2000000a   Data           2  main.o(.data)
    encrypt                                  0x2000000c   Data           4  main.o(.data)
    temp                                     0x20000010   Data           4  main.o(.data)
    systick_counter01                        0x20000014   Data           4  main.o(.data)
    systick_counter02                        0x20000018   Data           4  main.o(.data)
    systick_counter03                        0x2000001c   Data           4  main.o(.data)
    PB6_high_count                           0x20000020   Data           4  main.o(.data)
    gidx01                                   0x20000024   Data           4  main.o(.data)
    ptr                                      0x20000028   Data           4  main.o(.data)
    Mrelays                                  0x2000002c   Data           8  main.o(.data)
    ipaddr                                   0x20000034   Data           4  lwip.o(.data)
    netmask                                  0x20000038   Data           4  lwip.o(.data)
    gw                                       0x2000003c   Data           4  lwip.o(.data)
    IP_ADDRESS                               0x20000040   Data           4  lwip.o(.data)
    NETMASK_ADDRESS                          0x20000044   Data           4  lwip.o(.data)
    GATEWAY_ADDRESS                          0x20000048   Data           4  lwip.o(.data)
    uwTickFreq                               0x2000004c   Data           1  stm32f1xx_hal.o(.data)
    uwTickPrio                               0x20000050   Data           4  stm32f1xx_hal.o(.data)
    uwTick                                   0x20000054   Data           4  stm32f1xx_hal.o(.data)
    SystemCoreClock                          0x20000058   Data           4  system_stm32f1xx.o(.data)
    netif_list                               0x20000090   Data           4  netif.o(.data)
    netif_default                            0x20000094   Data           4  netif.o(.data)
    pbuf_free_ooseq_pending                  0x20000098   Data           1  pbuf.o(.data)
    tcp_active_pcbs_changed                  0x2000009c   Data           1  tcp.o(.data)
    tcp_ticks                                0x200000a8   Data           4  tcp.o(.data)
    tcp_bound_pcbs                           0x200000ac   Data           4  tcp.o(.data)
    tcp_listen_pcbs                          0x200000b0   Data           4  tcp.o(.data)
    tcp_active_pcbs                          0x200000b4   Data           4  tcp.o(.data)
    tcp_tw_pcbs                              0x200000b8   Data           4  tcp.o(.data)
    tcp_input_pcb                            0x200000dc   Data           4  tcp_in.o(.data)
    udp_pcbs                                 0x200000f0   Data           4  udp.o(.data)
    hadc1                                    0x20000104   Data          48  main.o(.bss)
    IwdgHandle                               0x20000134   Data          12  main.o(.bss)
    strCmd01                                 0x20000140   Data          40  main.o(.bss)
    flash                                    0x20000168   Data        2048  main.o(.bss)
    uid                                      0x20000968   Data          50  main.o(.bss)
    str_ip                                   0x2000099a   Data          22  main.o(.bss)
    str_Mrelays                              0x200009b0   Data          22  main.o(.bss)
    gnetif                                   0x200009c8   Data          48  lwip.o(.bss)
    DMARxDscrTab                             0x200009f8   Data         128  ethernetif.o(.bss)
    DMATxDscrTab                             0x20000a78   Data          64  ethernetif.o(.bss)
    Rx_Buff                                  0x20000ab8   Data       12192  ethernetif.o(.bss)
    Tx_Buff                                  0x20003a58   Data        6096  ethernetif.o(.bss)
    heth                                     0x20005228   Data          72  ethernetif.o(.bss)
    ip_data                                  0x20005270   Data          24  ip.o(.bss)
    ram_heap                                 0x20005288   Data        1619  mem.o(.bss)
    memp_memory_UDP_PCB_base                 0x200058db   Data         131  memp.o(.bss)
    memp_memory_TCP_PCB_base                 0x2000595e   Data         763  memp.o(.bss)
    memp_memory_TCP_PCB_LISTEN_base          0x20005c59   Data         227  memp.o(.bss)
    memp_memory_TCP_SEG_base                 0x20005d3c   Data         259  memp.o(.bss)
    memp_memory_REASSDATA_base               0x20005e3f   Data         163  memp.o(.bss)
    memp_memory_FRAG_PBUF_base               0x20005ee2   Data         363  memp.o(.bss)
    memp_memory_SYS_TIMEOUT_base             0x2000604d   Data          51  memp.o(.bss)
    memp_memory_PBUF_base                    0x20006080   Data         259  memp.o(.bss)
    memp_memory_PBUF_POOL_base               0x20006183   Data        9731  memp.o(.bss)
    __initial_sp                             0x20008c88   Data           0  startup_stm32f107xc.o(STACK)



==============================================================================

Memory Map of the image

  Image Entry point : 0x08000151

  Load Region LR_IROM1 (Base: 0x08000000, Size: 0x00006438, Max: 0x00040000, ABSOLUTE)

    Execution Region ER_IROM1 (Base: 0x08000000, Size: 0x00006334, Max: 0x00040000, ABSOLUTE)

    Base Addr    Size         Type   Attr      Idx    E Section Name        Object

    0x08000000   0x00000150   Data   RO            3    RESET               startup_stm32f107xc.o
    0x08000150   0x00000000   Code   RO         5057  * .ARM.Collect$$$$00000000  mc_w.l(entry.o)
    0x08000150   0x00000004   Code   RO         5369    .ARM.Collect$$$$00000001  mc_w.l(entry2.o)
    0x08000154   0x00000004   Code   RO         5372    .ARM.Collect$$$$00000004  mc_w.l(entry5.o)
    0x08000158   0x00000000   Code   RO         5374    .ARM.Collect$$$$00000008  mc_w.l(entry7b.o)
    0x08000158   0x00000000   Code   RO         5376    .ARM.Collect$$$$0000000A  mc_w.l(entry8b.o)
    0x08000158   0x00000008   Code   RO         5377    .ARM.Collect$$$$0000000B  mc_w.l(entry9a.o)
    0x08000160   0x00000000   Code   RO         5379    .ARM.Collect$$$$0000000D  mc_w.l(entry10a.o)
    0x08000160   0x00000000   Code   RO         5381    .ARM.Collect$$$$0000000F  mc_w.l(entry11a.o)
    0x08000160   0x00000004   Code   RO         5370    .ARM.Collect$$$$00002712  mc_w.l(entry2.o)
    0x08000164   0x00000024   Code   RO            4    .text               startup_stm32f107xc.o
    0x08000188   0x00000062   Code   RO         5060    .text               mc_w.l(uldiv.o)
    0x080001ea   0x00000020   Code   RO         5062    .text               mc_w.l(llushr.o)
    0x0800020a   0x00000024   Code   RO         5064    .text               mc_w.l(memcpya.o)
    0x0800022e   0x00000024   Code   RO         5066    .text               mc_w.l(memseta.o)
    0x08000252   0x00000018   Code   RO         5068    .text               mc_w.l(strcat.o)
    0x0800026a   0x00000018   Code   RO         5072    .text               mc_w.l(strncpy.o)
    0x08000282   0x0000001a   Code   RO         5080    .text               mc_w.l(memcmp.o)
    0x0800029c   0x00000070   Code   RO         5347    .text               mc_w.l(strtol.o)
    0x0800030c   0x0000001e   Code   RO         5388    .text               mc_w.l(llshl.o)
    0x0800032a   0x00000002   PAD
    0x0800032c   0x00000008   Code   RO         5390    .text               mc_w.l(ctype_o.o)
    0x08000334   0x0000009e   Code   RO         5425    .text               mc_w.l(_strtoul.o)
    0x080003d2   0x00000002   PAD
    0x080003d4   0x00000024   Code   RO         5450    .text               mc_w.l(init.o)
    0x080003f8   0x0000001c   Code   RO         5455    .text               mc_w.l(_chval.o)
    0x08000414   0x0000004c   Code   RO         1822    i.ADC_ConversionStop_Disable  stm32f1xx_hal_adc.o
    0x08000460   0x00000070   Code   RO         1826    i.ADC_Enable        stm32f1xx_hal_adc.o
    0x080004d0   0x00000002   Code   RO          435    i.BusFault_Handler  stm32f1xx_it.o
    0x080004d2   0x00000002   Code   RO          436    i.DebugMon_Handler  stm32f1xx_it.o
    0x080004d4   0x00000020   Code   RO          721    i.ETH_Delay         stm32f1xx_hal_eth.o
    0x080004f4   0x0000002e   Code   RO          722    i.ETH_FlushTransmitFIFO  stm32f1xx_hal_eth.o
    0x08000522   0x00000002   PAD
    0x08000524   0x00000124   Code   RO          723    i.ETH_MACDMAConfig  stm32f1xx_hal_eth.o
    0x08000648   0x000000fc   Code   RO         1828    i.HAL_ADC_ConfigChannel  stm32f1xx_hal_adc.o
    0x08000744   0x00000006   Code   RO         1835    i.HAL_ADC_GetValue  stm32f1xx_hal_adc.o
    0x0800074a   0x00000002   PAD
    0x0800074c   0x0000011c   Code   RO         1837    i.HAL_ADC_Init      stm32f1xx_hal_adc.o
    0x08000868   0x00000040   Code   RO          510    i.HAL_ADC_MspInit   stm32f1xx_hal_msp.o
    0x080008a8   0x000000c0   Code   RO         1843    i.HAL_ADC_Start     stm32f1xx_hal_adc.o
    0x08000968   0x00000024   Code   RO          917    i.HAL_Delay         stm32f1xx_hal.o
    0x0800098c   0x00000074   Code   RO          726    i.HAL_ETH_DMARxDescListInit  stm32f1xx_hal_eth.o
    0x08000a00   0x00000078   Code   RO          727    i.HAL_ETH_DMATxDescListInit  stm32f1xx_hal_eth.o
    0x08000a78   0x000001a4   Code   RO          734    i.HAL_ETH_Init      stm32f1xx_hal_eth.o
    0x08000c1c   0x000000c0   Code   RO          361    i.HAL_ETH_MspInit   ethernetif.o
    0x08000cdc   0x00000084   Code   RO          737    i.HAL_ETH_ReadPHYRegister  stm32f1xx_hal_eth.o
    0x08000d60   0x00000084   Code   RO          739    i.HAL_ETH_Start     stm32f1xx_hal_eth.o
    0x08000de4   0x00000108   Code   RO          741    i.HAL_ETH_TransmitFrame  stm32f1xx_hal_eth.o
    0x08000eec   0x00000078   Code   RO          743    i.HAL_ETH_WritePHYRegister  stm32f1xx_hal_eth.o
    0x08000f64   0x000001bc   Code   RO         1234    i.HAL_GPIO_Init     stm32f1xx_hal_gpio.o
    0x08001120   0x0000000a   Code   RO         1236    i.HAL_GPIO_ReadPin  stm32f1xx_hal_gpio.o
    0x0800112a   0x00000008   Code   RO         1237    i.HAL_GPIO_TogglePin  stm32f1xx_hal_gpio.o
    0x08001132   0x0000000a   Code   RO         1238    i.HAL_GPIO_WritePin  stm32f1xx_hal_gpio.o
    0x0800113c   0x0000000c   Code   RO          921    i.HAL_GetTick       stm32f1xx_hal.o
    0x08001148   0x00000052   Code   RO         2098    i.HAL_IWDG_Init     stm32f1xx_hal_iwdg.o
    0x0800119a   0x0000000c   Code   RO         2099    i.HAL_IWDG_Refresh  stm32f1xx_hal_iwdg.o
    0x080011a6   0x00000002   PAD
    0x080011a8   0x00000010   Code   RO          925    i.HAL_IncTick       stm32f1xx_hal.o
    0x080011b8   0x00000024   Code   RO          926    i.HAL_Init          stm32f1xx_hal.o
    0x080011dc   0x00000040   Code   RO          927    i.HAL_InitTick      stm32f1xx_hal.o
    0x0800121c   0x00000090   Code   RO          511    i.HAL_MspInit       stm32f1xx_hal_msp.o
    0x080012ac   0x00000040   Code   RO         1400    i.HAL_NVIC_SetPriority  stm32f1xx_hal_cortex.o
    0x080012ec   0x00000024   Code   RO         1401    i.HAL_NVIC_SetPriorityGrouping  stm32f1xx_hal_cortex.o
    0x08001310   0x00000154   Code   RO         1070    i.HAL_RCC_ClockConfig  stm32f1xx_hal_rcc.o
    0x08001464   0x0000000c   Code   RO         1075    i.HAL_RCC_GetHCLKFreq  stm32f1xx_hal_rcc.o
    0x08001470   0x000000bc   Code   RO         1079    i.HAL_RCC_GetSysClockFreq  stm32f1xx_hal_rcc.o
    0x0800152c   0x000003c8   Code   RO         1082    i.HAL_RCC_OscConfig  stm32f1xx_hal_rcc.o
    0x080018f4   0x00000018   Code   RO         1403    i.HAL_SYSTICK_CLKSourceConfig  stm32f1xx_hal_cortex.o
    0x0800190c   0x00000040   Code   RO           13    i.HAL_SYSTICK_Callback  main.o
    0x0800194c   0x00000028   Code   RO         1405    i.HAL_SYSTICK_Config  stm32f1xx_hal_cortex.o
    0x08001974   0x00000008   Code   RO         1406    i.HAL_SYSTICK_IRQHandler  stm32f1xx_hal_cortex.o
    0x0800197c   0x00000002   Code   RO          437    i.HardFault_Handler  stm32f1xx_it.o
    0x0800197e   0x00000002   PAD
    0x08001980   0x00000048   Code   RO           15    i.MX_ADC1_Init      main.o
    0x080019c8   0x000000d4   Code   RO           16    i.MX_GPIO_Init      main.o
    0x08001a9c   0x00000094   Code   RO          296    i.MX_LWIP_Init      lwip.o
    0x08001b30   0x00000002   Code   RO          438    i.MemManage_Handler  stm32f1xx_it.o
    0x08001b32   0x00000002   Code   RO          439    i.NMI_Handler       stm32f1xx_it.o
    0x08001b34   0x00000020   Code   RO         1407    i.NVIC_SetPriority  stm32f1xx_hal_cortex.o
    0x08001b54   0x00000002   Code   RO          440    i.PendSV_Handler    stm32f1xx_it.o
    0x08001b56   0x00000002   Code   RO          441    i.SVC_Handler       stm32f1xx_it.o
    0x08001b58   0x0000000e   Code   RO          442    i.SysTick_Handler   stm32f1xx_it.o
    0x08001b66   0x00000002   PAD
    0x08001b68   0x00000074   Code   RO           18    i.SystemClock_Config  main.o
    0x08001bdc   0x00000054   Code   RO         2129    i.SystemInit        system_stm32f1xx.o
    0x08001c30   0x00000002   Code   RO          443    i.UsageFault_Handler  stm32f1xx_it.o
    0x08001c32   0x00000002   PAD
    0x08001c34   0x00000028   Code   RO         5221    i.__0sprintf$5      mc_w.l(printf5.o)
    0x08001c5c   0x00000008   Code   RO         5418    i.__aeabi_errno_addr  mc_w.l(errno.o)
    0x08001c64   0x0000000e   Code   RO         5462    i.__scatterload_copy  mc_w.l(handlers.o)
    0x08001c72   0x00000002   Code   RO         5463    i.__scatterload_null  mc_w.l(handlers.o)
    0x08001c74   0x0000000e   Code   RO         5464    i.__scatterload_zeroinit  mc_w.l(handlers.o)
    0x08001c82   0x00000002   PAD
    0x08001c84   0x000002c0   Code   RO         5226    i._printf_core      mc_w.l(printf5.o)
    0x08001f44   0x0000000a   Code   RO         5228    i._sputc            mc_w.l(printf5.o)
    0x08001f4e   0x00000002   PAD
    0x08001f50   0x0000001c   Code   RO         4317    i.cyclic_timer      timeouts.o
    0x08001f6c   0x0000000c   Code   RO         3399    i.do_memp_free_pool  memp.o
    0x08001f78   0x0000000e   Code   RO         3400    i.do_memp_malloc_pool  memp.o
    0x08001f86   0x00000002   PAD
    0x08001f88   0x00000038   Code   RO          542    i.eraseSector       tm_onewire.o
    0x08001fc0   0x00000030   Code   RO         4543    i.etharp_cleanup_netif  etharp.o
    0x08001ff0   0x000000dc   Code   RO         4545    i.etharp_find_entry  etharp.o
    0x080020cc   0x00000024   Code   RO         4546    i.etharp_free_entry  etharp.o
    0x080020f0   0x000000a0   Code   RO         4548    i.etharp_input      etharp.o
    0x08002190   0x000000ec   Code   RO         4549    i.etharp_output     etharp.o
    0x0800227c   0x00000060   Code   RO         4550    i.etharp_output_to_arp_index  etharp.o
    0x080022dc   0x000000f0   Code   RO         4551    i.etharp_query      etharp.o
    0x080023cc   0x00000088   Code   RO         4552    i.etharp_raw        etharp.o
    0x08002454   0x0000000c   Code   RO         4553    i.etharp_request    etharp.o
    0x08002460   0x00000020   Code   RO         4554    i.etharp_request_dst  etharp.o
    0x08002480   0x00000060   Code   RO         4555    i.etharp_tmr        etharp.o
    0x080024e0   0x00000080   Code   RO         4556    i.etharp_update_arp_entry  etharp.o
    0x08002560   0x000000a0   Code   RO         2601    i.ethernet_input    ethernet.o
    0x08002600   0x0000004a   Code   RO         2602    i.ethernet_output   ethernet.o
    0x0800264a   0x00000002   PAD
    0x0800264c   0x00000028   Code   RO          362    i.ethernetif_init   ethernetif.o
    0x08002674   0x00000008   Code   RO         4642    i.icmp_dest_unreach  icmp.o
    0x0800267c   0x000000f4   Code   RO         4643    i.icmp_input        icmp.o
    0x08002770   0x0000006c   Code   RO         4644    i.icmp_send_response  icmp.o
    0x080027dc   0x00000008   Code   RO         4645    i.icmp_time_exceeded  icmp.o
    0x080027e4   0x0000002e   Code   RO         4754    i.ip4_addr_isbroadcast_u32  ip4_addr.o
    0x08002812   0x00000002   PAD
    0x08002814   0x0000015c   Code   RO         4820    i.ip4_frag          ip4_frag.o
    0x08002970   0x0000019c   Code   RO         4701    i.ip4_input         ip4.o
    0x08002b0c   0x0000001e   Code   RO         4703    i.ip4_output_if     ip4.o
    0x08002b2a   0x00000002   PAD
    0x08002b2c   0x000000a8   Code   RO         4704    i.ip4_output_if_src  ip4.o
    0x08002bd4   0x00000190   Code   RO         4821    i.ip4_reass         ip4_frag.o
    0x08002d64   0x0000005c   Code   RO         4705    i.ip4_route         ip4.o
    0x08002dc0   0x00000008   Code   RO         4822    i.ip_frag_free_pbuf_custom_ref  ip4_frag.o
    0x08002dc8   0x000000ec   Code   RO         4823    i.ip_reass_chain_frag_into_datagram_and_validate  ip4_frag.o
    0x08002eb4   0x00000024   Code   RO         4824    i.ip_reass_dequeue_datagram  ip4_frag.o
    0x08002ed8   0x00000070   Code   RO         4825    i.ip_reass_free_complete_datagram  ip4_frag.o
    0x08002f48   0x00000080   Code   RO         4826    i.ip_reass_remove_oldest_datagram  ip4_frag.o
    0x08002fc8   0x0000002c   Code   RO         4827    i.ip_reass_tmr      ip4_frag.o
    0x08002ff4   0x00000016   Code   RO         4828    i.ipfrag_free_pbuf_custom  ip4_frag.o
    0x0800300a   0x00000002   PAD
    0x0800300c   0x000000f8   Code   RO          364    i.low_level_init    ethernetif.o
    0x08003104   0x000000a8   Code   RO          366    i.low_level_output  ethernetif.o
    0x080031ac   0x00000004   Code   RO         3097    i.lwip_htonl        def.o
    0x080031b0   0x00000004   Code   RO         3098    i.lwip_htons        def.o
    0x080031b4   0x0000001e   Code   RO         3253    i.lwip_init         init.o
    0x080031d2   0x00000002   PAD
    0x080031d4   0x000003f0   Code   RO           20    i.main              main.o
    0x080035c4   0x0000002c   Code   RO         3343    i.mem_free          mem.o
    0x080035f0   0x00000034   Code   RO         3344    i.mem_init          mem.o
    0x08003624   0x000000a8   Code   RO         3345    i.mem_malloc        mem.o
    0x080036cc   0x000000cc   Code   RO         3346    i.mem_trim          mem.o
    0x08003798   0x00000018   Code   RO         3401    i.memp_free         memp.o
    0x080037b0   0x00000020   Code   RO         3403    i.memp_init         memp.o
    0x080037d0   0x0000002a   Code   RO         3404    i.memp_init_pool    memp.o
    0x080037fa   0x00000002   PAD
    0x080037fc   0x00000018   Code   RO         3405    i.memp_malloc       memp.o
    0x08003814   0x00000050   Code   RO         3517    i.netif_add         netif.o
    0x08003864   0x00000002   Code   RO         3519    i.netif_init        netif.o
    0x08003866   0x0000001a   Code   RO         3521    i.netif_issue_reports  netif.o
    0x08003880   0x00000048   Code   RO         3523    i.netif_set_addr    netif.o
    0x080038c8   0x0000000c   Code   RO         3524    i.netif_set_default  netif.o
    0x080038d4   0x0000001a   Code   RO         3525    i.netif_set_down    netif.o
    0x080038ee   0x00000008   Code   RO         3526    i.netif_set_gw      netif.o
    0x080038f6   0x00000002   PAD
    0x080038f8   0x00000040   Code   RO         3527    i.netif_set_ipaddr  netif.o
    0x08003938   0x00000008   Code   RO         3530    i.netif_set_netmask  netif.o
    0x08003940   0x0000001c   Code   RO         3531    i.netif_set_up      netif.o
    0x0800395c   0x00000128   Code   RO         3634    i.pbuf_alloc        pbuf.o
    0x08003a84   0x00000052   Code   RO         3635    i.pbuf_alloced_custom  pbuf.o
    0x08003ad6   0x00000028   Code   RO         3636    i.pbuf_cat          pbuf.o
    0x08003afe   0x00000012   Code   RO         3638    i.pbuf_clen         pbuf.o
    0x08003b10   0x0000009a   Code   RO         3640    i.pbuf_copy         pbuf.o
    0x08003baa   0x00000068   Code   RO         3641    i.pbuf_copy_partial  pbuf.o
    0x08003c12   0x00000050   Code   RO         3643    i.pbuf_free         pbuf.o
    0x08003c62   0x00000006   Code   RO         3646    i.pbuf_header       pbuf.o
    0x08003c68   0x00000006   Code   RO         3647    i.pbuf_header_force  pbuf.o
    0x08003c6e   0x00000064   Code   RO         3648    i.pbuf_header_impl  pbuf.o
    0x08003cd2   0x00000054   Code   RO         3652    i.pbuf_realloc      pbuf.o
    0x08003d26   0x0000000c   Code   RO         3653    i.pbuf_ref          pbuf.o
    0x08003d32   0x00000002   PAD
    0x08003d34   0x00000054   Code   RO         3347    i.plug_holes        mem.o
    0x08003d88   0x00000016   Code   RO          543    i.readSector        tm_onewire.o
    0x08003d9e   0x00000004   Code   RO          368    i.sys_now           ethernetif.o
    0x08003da2   0x00000002   PAD
    0x08003da4   0x00000090   Code   RO         4320    i.sys_timeout       timeouts.o
    0x08003e34   0x00000034   Code   RO         4321    i.sys_timeouts_init  timeouts.o
    0x08003e68   0x000000d4   Code   RO         3878    i.tcp_abandon       tcp.o
    0x08003f3c   0x00000006   Code   RO         3879    i.tcp_abort         tcp.o
    0x08003f42   0x00000002   PAD
    0x08003f44   0x00000108   Code   RO         3882    i.tcp_alloc         tcp.o
    0x0800404c   0x00000014   Code   RO         3885    i.tcp_close         tcp.o
    0x08004060   0x00000164   Code   RO         3886    i.tcp_close_shutdown  tcp.o
    0x080041c4   0x00000098   Code   RO         4213    i.tcp_create_segment  tcp_out.o
    0x0800425c   0x00000022   Code   RO         3889    i.tcp_eff_send_mss_impl  tcp.o
    0x0800427e   0x00000090   Code   RO         4214    i.tcp_enqueue_flags  tcp_out.o
    0x0800430e   0x00000002   PAD
    0x08004310   0x00000058   Code   RO         3891    i.tcp_fasttmr       tcp.o
    0x08004368   0x00000030   Code   RO         4137    i.tcp_getoptbyte    tcp_in.o
    0x08004398   0x00000002   Code   RO         3892    i.tcp_init          tcp.o
    0x0800439a   0x00000002   PAD
    0x0800439c   0x0000036c   Code   RO         4138    i.tcp_input         tcp_in.o
    0x08004708   0x00000052   Code   RO         4215    i.tcp_keepalive     tcp_out.o
    0x0800475a   0x00000002   PAD
    0x0800475c   0x0000003c   Code   RO         3893    i.tcp_kill_state    tcp.o
    0x08004798   0x000000ec   Code   RO         4139    i.tcp_listen_input  tcp_in.o
    0x08004884   0x0000004c   Code   RO         3895    i.tcp_netif_ip_addr_changed  tcp.o
    0x080048d0   0x00000022   Code   RO         3896    i.tcp_netif_ip_addr_changed_pcblist  tcp.o
    0x080048f2   0x00000002   PAD
    0x080048f4   0x00000010   Code   RO         3900    i.tcp_next_iss      tcp.o
    0x08004904   0x00000078   Code   RO         4140    i.tcp_oos_insert_segment  tcp_in.o
    0x0800497c   0x000001c8   Code   RO         4216    i.tcp_output        tcp_out.o
    0x08004b44   0x0000006a   Code   RO         4217    i.tcp_output_alloc_header  tcp_out.o
    0x08004bae   0x00000002   PAD
    0x08004bb0   0x000000a8   Code   RO         4218    i.tcp_output_segment  tcp_out.o
    0x08004c58   0x00000074   Code   RO         4141    i.tcp_parseopt      tcp_in.o
    0x08004ccc   0x00000042   Code   RO         3901    i.tcp_pcb_purge     tcp.o
    0x08004d0e   0x00000050   Code   RO         3902    i.tcp_pcb_remove    tcp.o
    0x08004d5e   0x00000002   PAD
    0x08004d60   0x00000370   Code   RO         4142    i.tcp_process       tcp_in.o
    0x080050d0   0x0000006c   Code   RO         3904    i.tcp_process_refused_data  tcp.o
    0x0800513c   0x000006c4   Code   RO         4143    i.tcp_receive       tcp_in.o
    0x08005800   0x00000024   Code   RO         3906    i.tcp_recv_null     tcp.o
    0x08005824   0x00000042   Code   RO         3907    i.tcp_recved        tcp.o
    0x08005866   0x00000052   Code   RO         4220    i.tcp_rexmit        tcp_out.o
    0x080058b8   0x0000005c   Code   RO         4221    i.tcp_rexmit_fast   tcp_out.o
    0x08005914   0x0000002e   Code   RO         4222    i.tcp_rexmit_rto    tcp_out.o
    0x08005942   0x00000080   Code   RO         4223    i.tcp_rst           tcp_out.o
    0x080059c2   0x00000028   Code   RO         3908    i.tcp_seg_copy      tcp.o
    0x080059ea   0x0000001c   Code   RO         3909    i.tcp_seg_free      tcp.o
    0x08005a06   0x00000012   Code   RO         3910    i.tcp_segs_free     tcp.o
    0x08005a18   0x00000072   Code   RO         4224    i.tcp_send_empty_ack  tcp_out.o
    0x08005a8a   0x00000044   Code   RO         4225    i.tcp_send_fin      tcp_out.o
    0x08005ace   0x00000002   PAD
    0x08005ad0   0x00000280   Code   RO         3914    i.tcp_slowtmr       tcp.o
    0x08005d50   0x00000034   Code   RO         4324    i.tcp_timer_needed  timeouts.o
    0x08005d84   0x00000068   Code   RO         4144    i.tcp_timewait_input  tcp_in.o
    0x08005dec   0x00000020   Code   RO         3915    i.tcp_tmr           tcp.o
    0x08005e0c   0x00000010   Code   RO         4145    i.tcp_trigger_input_pcb_close  tcp_in.o
    0x08005e1c   0x00000034   Code   RO         3917    i.tcp_update_rcv_ann_wnd  tcp.o
    0x08005e50   0x000000b4   Code   RO         4227    i.tcp_zero_window_probe  tcp_out.o
    0x08005f04   0x00000038   Code   RO         4325    i.tcpip_tcp_timer   timeouts.o
    0x08005f3c   0x00000002   Code   RO         4400    i.udp_init          udp.o
    0x08005f3e   0x00000002   PAD
    0x08005f40   0x00000124   Code   RO         4401    i.udp_input         udp.o
    0x08006064   0x00000034   Code   RO         4402    i.udp_netif_ip_addr_changed  udp.o
    0x08006098   0x00000060   Code   RO          547    i.writeSector       tm_onewire.o
    0x080060f8   0x00000010   Data   RO         2130    .constdata          system_stm32f1xx.o
    0x08006108   0x00000006   Data   RO         2603    .constdata          ethernet.o
    0x0800610e   0x00000006   Data   RO         2604    .constdata          ethernet.o
    0x08006114   0x0000000c   Data   RO         3416    .constdata          memp.o
    0x08006120   0x0000000c   Data   RO         3417    .constdata          memp.o
    0x0800612c   0x0000000c   Data   RO         3418    .constdata          memp.o
    0x08006138   0x0000000c   Data   RO         3419    .constdata          memp.o
    0x08006144   0x0000000c   Data   RO         3420    .constdata          memp.o
    0x08006150   0x0000000c   Data   RO         3421    .constdata          memp.o
    0x0800615c   0x0000000c   Data   RO         3422    .constdata          memp.o
    0x08006168   0x0000000c   Data   RO         3423    .constdata          memp.o
    0x08006174   0x0000000c   Data   RO         3424    .constdata          memp.o
    0x08006180   0x00000024   Data   RO         3425    .constdata          memp.o
    0x080061a4   0x00000054   Data   RO         3918    .constdata          tcp.o
    0x080061f8   0x00000018   Data   RO         4326    .constdata          timeouts.o
    0x08006210   0x00000004   Data   RO         4761    .constdata          ip4_addr.o
    0x08006214   0x00000081   Data   RO         5391    .constdata          mc_w.l(ctype_o.o)
    0x08006295   0x00000003   PAD
    0x08006298   0x00000004   Data   RO         5392    .constdata          mc_w.l(ctype_o.o)
    0x0800629c   0x00000075   Data   RO         3919    .conststring        tcp.o
    0x08006311   0x00000003   PAD
    0x08006314   0x00000020   Data   RO         5460    Region$$Table       anon$$obj.o


    Execution Region RW_IRAM1 (Base: 0x20000000, Size: 0x00008c88, Max: 0x00010000, ABSOLUTE)

    Base Addr    Size         Type   Attr      Idx    E Section Name        Object

    0x20000000   0x00000034   Data   RW           23    .data               main.o
    0x20000034   0x00000018   Data   RW          303    .data               lwip.o
    0x2000004c   0x0000000c   Data   RW          933    .data               stm32f1xx_hal.o
    0x20000058   0x00000004   Data   RW         2132    .data               system_stm32f1xx.o
    0x2000005c   0x0000000c   Data   RW         3349    .data               mem.o
    0x20000068   0x00000004   Data   RW         3426    .data               memp.o
    0x2000006c   0x00000004   Data   RW         3427    .data               memp.o
    0x20000070   0x00000004   Data   RW         3428    .data               memp.o
    0x20000074   0x00000004   Data   RW         3429    .data               memp.o
    0x20000078   0x00000004   Data   RW         3430    .data               memp.o
    0x2000007c   0x00000004   Data   RW         3431    .data               memp.o
    0x20000080   0x00000004   Data   RW         3432    .data               memp.o
    0x20000084   0x00000004   Data   RW         3433    .data               memp.o
    0x20000088   0x00000004   Data   RW         3434    .data               memp.o
    0x2000008c   0x0000000c   Data   RW         3532    .data               netif.o
    0x20000098   0x00000001   Data   RW         3660    .data               pbuf.o
    0x20000099   0x00000003   PAD
    0x2000009c   0x00000020   Data   RW         3920    .data               tcp.o
    0x200000bc   0x00000024   Data   RW         4147    .data               tcp_in.o
    0x200000e0   0x0000000c   Data   RW         4327    .data               timeouts.o
    0x200000ec   0x00000008   Data   RW         4411    .data               udp.o
    0x200000f4   0x00000001   Data   RW         4558    .data               etharp.o
    0x200000f5   0x00000001   PAD
    0x200000f6   0x00000002   Data   RW         4706    .data               ip4.o
    0x200000f8   0x00000008   Data   RW         4829    .data               ip4_frag.o
    0x20000100   0x00000004   Data   RW         5421    .data               mc_w.l(errno.o)
    0x20000104   0x000008c2   Zero   RW           21    .bss                main.o
    0x200009c6   0x00000002   PAD
    0x200009c8   0x00000030   Zero   RW          302    .bss                lwip.o
    0x200009f8   0x00004878   Zero   RW          369    .bss                ethernetif.o
    0x20005270   0x00000018   Zero   RW         3318    .bss                ip.o
    0x20005288   0x00000653   Zero   RW         3348    .bss                mem.o
    0x200058db   0x00000083   Zero   RW         3407    .bss                memp.o
    0x2000595e   0x000002fb   Zero   RW         3408    .bss                memp.o
    0x20005c59   0x000000e3   Zero   RW         3409    .bss                memp.o
    0x20005d3c   0x00000103   Zero   RW         3410    .bss                memp.o
    0x20005e3f   0x000000a3   Zero   RW         3411    .bss                memp.o
    0x20005ee2   0x0000016b   Zero   RW         3412    .bss                memp.o
    0x2000604d   0x00000033   Zero   RW         3413    .bss                memp.o
    0x20006080   0x00000103   Zero   RW         3414    .bss                memp.o
    0x20006183   0x00002603   Zero   RW         3415    .bss                memp.o
    0x20008786   0x00000002   PAD
    0x20008788   0x00000010   Zero   RW         4146    .bss                tcp_in.o
    0x20008798   0x000000f0   Zero   RW         4557    .bss                etharp.o
    0x20008888   0x00000400   Zero   RW            1    STACK               startup_stm32f107xc.o


==============================================================================

Image component sizes


      Code (inc. data)   RO Data    RW Data    ZI Data      Debug   Object Name

         8          0          0          0          0        938   def.o
      1440         56          0          1        240      11007   etharp.o
       234          6         12          0          0       2450   ethernet.o
       652         54          0          0      18552       4123   ethernetif.o
         0          0          0          0          0       1392   httpd.o
       368          4          0          0          0       3374   icmp.o
        30          0          0          0          0      10835   init.o
         0          0          0          0         24       2978   ip.o
       702         26          0          2          0       4740   ip4.o
        46          0          4          0          0       6626   ip4_addr.o
      1334         36          0          8          0       9198   ip4_frag.o
       148         18          0         24         48       1281   lwip.o
      1472        162          0         52       2242     682247   main.o
       552         30          0         12       1619       4905   mem.o
       148         16        144         36      11947      10034   memp.o
       326         16          0         12          0       8701   netif.o
       982         18          0          1          0      11690   pbuf.o
        36          8        336          0       1024        772   startup_stm32f107xc.o
       164         28          0         12          0       3617   stm32f1xx_hal.o
       922         40          0          0          0       5124   stm32f1xx_hal_adc.o
       204         14          0          0          0      25961   stm32f1xx_hal_cortex.o
      1674         52          0          0          0       9568   stm32f1xx_hal_eth.o
       472         36          0          0          0       3896   stm32f1xx_hal_gpio.o
        94          0          0          0          0       1607   stm32f1xx_hal_iwdg.o
       208         24          0          0          0       1424   stm32f1xx_hal_msp.o
      1508         92          0          0          0       4578   stm32f1xx_hal_rcc.o
        30          0          0          0          0       3570   stm32f1xx_it.o
        84         16         16          4          0       1083   system_stm32f1xx.o
      2334         78        201         32          0      26603   tcp.o
      4128        130          0         36         16      18883   tcp_in.o
      1818          8          0          0          0      11763   tcp_out.o
       332         56         24         12          0       4554   timeouts.o
       174         26          0          0          0       3368   tm_onewire.o
       346         12          0          8          0       4715   udp.o

    ----------------------------------------------------------------------
     23020       1062        772        256      35716     907605   Object Totals
         0          0         32          0          0          0   (incl. Generated)
        50          0          3          4          4          0   (incl. Padding)

    ----------------------------------------------------------------------

      Code (inc. data)   RO Data    RW Data    ZI Data      Debug   Library Member Name

        28          0          0          0          0         68   _chval.o
       158          0          0          0          0         92   _strtoul.o
         8          4        133          0          0         68   ctype_o.o
         0          0          0          0          0          0   entry.o
         0          0          0          0          0          0   entry10a.o
         0          0          0          0          0          0   entry11a.o
         8          4          0          0          0          0   entry2.o
         4          0          0          0          0          0   entry5.o
         0          0          0          0          0          0   entry7b.o
         0          0          0          0          0          0   entry8b.o
         8          4          0          0          0          0   entry9a.o
         8          4          0          4          0         68   errno.o
        30          0          0          0          0          0   handlers.o
        36          8          0          0          0         68   init.o
        30          0          0          0          0         68   llshl.o
        32          0          0          0          0         68   llushr.o
        26          0          0          0          0         80   memcmp.o
        36          0          0          0          0         68   memcpya.o
        36          0          0          0          0        108   memseta.o
       754         52          0          0          0        252   printf5.o
        24          0          0          0          0         68   strcat.o
        24          0          0          0          0         76   strncpy.o
       112          0          0          0          0         88   strtol.o
        98          0          0          0          0         92   uldiv.o

    ----------------------------------------------------------------------
      1468         76        136          4          0       1332   Library Totals
         8          0          3          0          0          0   (incl. Padding)

    ----------------------------------------------------------------------

      Code (inc. data)   RO Data    RW Data    ZI Data      Debug   Library Name

      1460         76        133          4          0       1332   mc_w.l

    ----------------------------------------------------------------------
      1468         76        136          4          0       1332   Library Totals

    ----------------------------------------------------------------------

==============================================================================


      Code (inc. data)   RO Data    RW Data    ZI Data      Debug   

     24488       1138        908        260      35716     899001   Grand Totals
     24488       1138        908        260      35716     899001   ELF Image Totals
     24488       1138        908        260          0          0   ROM Totals

==============================================================================

    Total RO  Size (Code + RO Data)                25396 (  24.80kB)
    Total RW  Size (RW Data + ZI Data)             35976 (  35.13kB)
    Total ROM Size (Code + RO Data + RW Data)      25656 (  25.05kB)

==============================================================================

